#
# A fatal error has been detected by the Java Runtime Environment:
#
#  EXCEPTION_ACCESS_VIOLATION (0xc0000005) at pc=0x00007ffdd1a1a1b8, pid=97240, tid=92432
#
# JRE version: OpenJDK Runtime Environment Microsoft-12574459 (21.0.9+10) (build 21.0.9+10-LTS)
# Java VM: OpenJDK 64-Bit Server VM Microsoft-12574459 (21.0.9+10-LTS, mixed mode, sharing, tiered, compressed oops, compressed class ptrs, g1 gc, windows-amd64)
# Problematic frame:
# V  [jvm.dll+0x60a1b8]
#
# No core dump will be written. Minidumps are not enabled by default on client versions of Windows
#
# If you would like to submit a bug report, please visit:
#   https://github.com/microsoft/openjdk/issues
#

---------------  S U M M A R Y ------------

Command Line: --add-opens=java.base/java.lang=ALL-UNNAMED --add-opens=java.base/java.lang.invoke=ALL-UNNAMED --add-opens=java.base/java.util=ALL-UNNAMED --add-opens=java.prefs/java.util.prefs=ALL-UNNAMED --add-exports=jdk.compiler/com.sun.tools.javac.api=ALL-UNNAMED --add-exports=jdk.compiler/com.sun.tools.javac.util=ALL-UNNAMED --add-opens=java.base/java.util=ALL-UNNAMED --add-opens=java.prefs/java.util.prefs=ALL-UNNAMED --add-opens=java.base/java.nio.charset=ALL-UNNAMED --add-opens=java.base/java.net=ALL-UNNAMED --add-opens=java.base/java.util.concurrent.atomic=ALL-UNNAMED --add-opens=java.xml/javax.xml.namespace=ALL-UNNAMED -Xmx5G -Dfile.encoding=windows-1252 -Duser.country=CH -Duser.language=de -Duser.variant -javaagent:C:\Users\diego\.gradle\wrapper\dists\gradle-8.12.1-bin\eumc4uhoysa37zql93vfjkxy0\gradle-8.12.1\lib\agents\gradle-instrumentation-agent-8.12.1.jar org.gradle.launcher.daemon.bootstrap.GradleDaemon 8.12.1

Host: Intel(R) Core(TM) i9-9900KF CPU @ 3.60GHz, 16 cores, 31G,  Windows 10 , 64 bit Build 19041 (10.0.19041.5915)
Time: Thu Mar  5 20:07:52 2026 Mitteleuropäische Zeit elapsed time: 5.923824 seconds (0d 0h 0m 5s)

---------------  T H R E A D  ---------------

Current thread (0x000001fa58efb420):  JavaThread "C2 CompilerThread4" daemon [_thread_in_native, id=92432, stack(0x0000002f99100000,0x0000002f99200000) (1024K)]


Current CompileTask:
C2:5923 8269       4       java.beans.MethodRef::set (58 bytes)

Stack: [0x0000002f99100000,0x0000002f99200000],  sp=0x0000002f991fbd60,  free space=1007k
Native frames: (J=compiled Java code, j=interpreted, Vv=VM code, C=native code)
V  [jvm.dll+0x60a1b8]  (no source info available)
V  [jvm.dll+0x609ef2]  (no source info available)
V  [jvm.dll+0x609078]  (no source info available)
V  [jvm.dll+0x25b3d7]  (no source info available)
V  [jvm.dll+0x25b7ad]  (no source info available)
V  [jvm.dll+0x2540a9]  (no source info available)
V  [jvm.dll+0x2515b1]  (no source info available)
V  [jvm.dll+0x1d18cf]  (no source info available)
V  [jvm.dll+0x26138a]  (no source info available)
V  [jvm.dll+0x25f6f5]  (no source info available)
V  [jvm.dll+0x401aad]  (no source info available)
V  [jvm.dll+0x869f7d]  (no source info available)
V  [jvm.dll+0x6e080d]  (no source info available)
C  [ucrtbase.dll+0x21bb2]  (no source info available)
C  [KERNEL32.DLL+0x17374]  (no source info available)
C  [ntdll.dll+0x4cc91]  (no source info available)


siginfo: EXCEPTION_ACCESS_VIOLATION (0xc0000005), reading address 0xffffffffffffffff


Registers:
RAX=0x00183ea381a40000, RBX=0x0000002f991fc130, RCX=0x000000000000217d, RDX=0x000001fa55593520
RSP=0x0000002f991fbd60, RBP=0x0000000000000000, RSI=0x000000000000011d, RDI=0x000001fa55d93918
R8 =0x0000002f991fc158, R9 =0x000001fa56ede5f8, R10=0x00000000000023a6, R11=0x0000000000000049
R12=0x0000002f991fbe50, R13=0x0000002f991fbe30, R14=0x000001fa55d93bc8, R15=0x000001fa55d918c8
RIP=0x00007ffdd1a1a1b8, EFLAGS=0x0000000000010297

XMM[0]=0x0000000000000000 0x0000000000000000
XMM[1]=0x000001fa583398a8 0x000001fa58339bf8
XMM[2]=0x000001fa58336ed8 0x000001fa58336e68
XMM[3]=0x0000000000000000 0x0000000000000000
XMM[4]=0x0000000000000000 0x0000000000000000
XMM[5]=0x0000000000000000 0x0000000000000000
XMM[6]=0x0000000000000000 0x0000000000000000
XMM[7]=0x0000000000000000 0x0000000000000000
XMM[8]=0x0000000000000000 0x0000000000000000
XMM[9]=0x0000000000000000 0x0000000000000000
XMM[10]=0x0000000000000000 0x0000000000000000
XMM[11]=0x0000000000000000 0x0000000000000000
XMM[12]=0x0000000000000000 0x0000000000000000
XMM[13]=0x0000000000000000 0x0000000000000000
XMM[14]=0x0000000000000000 0x0000000000000000
XMM[15]=0x0000000000000000 0x0000000000000000
  MXCSR=0x00001fa0


Register to memory mapping:

RAX=0x00183ea381a40000 is an unknown value
RBX=0x0000002f991fc130 is pointing into the stack for thread: 0x000001fa58efb420
RCX=0x000000000000217d is an unknown value
RDX=0x000001fa55593520 points into unknown readable memory: 0x0000000000000000 | 00 00 00 00 00 00 00 00
RSP=0x0000002f991fbd60 is pointing into the stack for thread: 0x000001fa58efb420
RBP=0x0 is null
RSI=0x000000000000011d is an unknown value
RDI=0x000001fa55d93918 points into unknown readable memory: 0x00007ffdd1e0f5b0 | b0 f5 e0 d1 fd 7f 00 00
R8 =0x0000002f991fc158 is pointing into the stack for thread: 0x000001fa58efb420
R9 =0x000001fa56ede5f8 points into unknown readable memory: 0x0000000000000000 | 00 00 00 00 00 00 00 00
R10=0x00000000000023a6 is an unknown value
R11=0x0000000000000049 is an unknown value
R12=0x0000002f991fbe50 is pointing into the stack for thread: 0x000001fa58efb420
R13=0x0000002f991fbe30 is pointing into the stack for thread: 0x000001fa58efb420
R14=0x000001fa55d93bc8 points into unknown readable memory: 0x00007ffdd1e0a1f0 | f0 a1 e0 d1 fd 7f 00 00
R15=0x000001fa55d918c8 points into unknown readable memory: 0x00007ffdd1e0f0d8 | d8 f0 e0 d1 fd 7f 00 00

Top of Stack: (sp=0x0000002f991fbd60)
0x0000002f991fbd60:   000000000000011d 0000000000000001
0x0000002f991fbd70:   0000002f991fc130 000001fa00000008
0x0000002f991fbd80:   0000000000000001 0000002f991fbe70
0x0000002f991fbd90:   000001fa55d93cd8 00007ffdd1a19ef2
0x0000002f991fbda0:   0000002f991fc130 0000000000000400
0x0000002f991fbdb0:   000000000000011d 000001fa55d93bc8
0x0000002f991fbdc0:   000001fa694f7f80 0000000000000000
0x0000002f991fbdd0:   000001fa549a0c68 000001fa549b0900
0x0000002f991fbde0:   0000000000000000 0000002f991fc130
0x0000002f991fbdf0:   0000002f991fbf00 00007ffdd1a19078
0x0000002f991fbe00:   0000002f991fc130 0000000000000001
0x0000002f991fbe10:   0000002f00000001 0000002f991fbe70
0x0000002f991fbe20:   0000000100000000 00007ffdd1c8cb6a
0x0000002f991fbe30:   000001fa54cfea00 0000000000000800
0x0000002f991fbe40:   000001fa7ecb4870 00007ffd0000046f
0x0000002f991fbe50:   0000002f00000200 000001fa59d6b580
0x0000002f991fbe60:   0000002f00000200 000001fa54cfea00
0x0000002f991fbe70:   000001fa5a68fe90 000001fa5a6a60e0
0x0000002f991fbe80:   000001fa5a68fe50 000001fa54cfea00
0x0000002f991fbe90:   000001fa54cfea00 00007ffd00000004
0x0000002f991fbea0:   000001fa56472960 00007ffd00000000
0x0000002f991fbeb0:   000001fa58143ba0 00007ffdd166d1c1
0x0000002f991fbec0:   0000002f991fe4f0 0000000000000002
0x0000002f991fbed0:   0000002f991fc500 000001fa10011706
0x0000002f991fbee0:   000001fa58143aa8 00007ffdd1b1a7f6
0x0000002f991fbef0:   0000000000000002 000001fa58143aa8
0x0000002f991fbf00:   000001fa549b09d0 0000000000000002
0x0000002f991fbf10:   000001fa55f52a80 000001fa55f52c90
0x0000002f991fbf20:   0000002f991fc500 00007ffdd1b1ae84
0x0000002f991fbf30:   00007ffdd2055150 000001fa5a7592f0
0x0000002f991fbf40:   000001fa5a759300 0000000000000000
0x0000002f991fbf50:   0000000000000000 00007ffe3ec55ba1 

Instructions: (pc=0x00007ffdd1a1a1b8)
0x00007ffdd1a1a0b8:   8b ce ff 50 10 84 c0 74 23 41 8b 7e 28 3b 7b 20
0x00007ffdd1a1a0c8:   72 0b 8b d7 48 8d 4b 18 e8 2b 2e 0b 00 48 8b 43
0x00007ffdd1a1a0d8:   28 33 ed 48 89 2c f8 e9 f6 03 00 00 49 8b d6 48
0x00007ffdd1a1a0e8:   8b cb e8 e1 c7 fe ff 45 33 c9 4c 8b c0 49 8b d6
0x00007ffdd1a1a0f8:   48 8b cb 4c 8b f8 e8 fd 14 00 00 41 8b 4e 2c 48
0x00007ffdd1a1a108:   8b d0 83 e1 3f 80 f9 30 75 19 49 3b c7 74 14 4c
0x00007ffdd1a1a118:   8b c8 4d 8b c7 49 8b d6 48 8b cb e8 88 4c 00 00
0x00007ffdd1a1a128:   48 8b d0 48 85 d2 75 4a 41 8b 7e 28 3b 7b 20 72
0x00007ffdd1a1a138:   0b 8b d7 48 8d 4b 18 e8 bc 2d 0b 00 48 8b 43 28
0x00007ffdd1a1a148:   33 ed 48 89 2c f8 8b bb 80 00 00 00 8d 47 01 89
0x00007ffdd1a1a158:   83 80 00 00 00 3b 7b 70 72 0b 8b d7 48 8d 4b 68
0x00007ffdd1a1a168:   e8 93 2d 0b 00 48 8b 43 78 4c 89 34 f8 e9 60 03
0x00007ffdd1a1a178:   00 00 48 8b fa 4c 3b fa 0f 84 b2 02 00 00 33 ed
0x00007ffdd1a1a188:   0f 1f 84 00 00 00 00 00 8b 42 2c 83 e0 0f 3c 09
0x00007ffdd1a1a198:   75 0b 41 80 7f 2c e0 0f 85 d6 01 00 00 48 8b 83
0x00007ffdd1a1a1a8:   c8 00 00 00 44 8b 52 28 4a 8b 14 d0 48 8b 42 08
0x00007ffdd1a1a1b8:   48 39 28 75 2d 44 8b 4b 20 8b 42 28 4c 8d 43 28
0x00007ffdd1a1a1c8:   41 3b c1 73 0b 8b c8 49 8b 00 48 8b 14 c8 eb 03
0x00007ffdd1a1a1d8:   48 8b d5 48 83 e2 fe 48 8b 42 08 48 39 28 74 d9
0x00007ffdd1a1a1e8:   eb 04 4c 8d 43 28 48 8b 83 c8 00 00 00 4a 89 14
0x00007ffdd1a1a1f8:   d0 8b 42 28 44 8b 53 20 41 3b c2 73 0e 8b c8 49
0x00007ffdd1a1a208:   8b 00 4c 8b 0c c8 4d 85 c9 75 04 4c 8b 4b 40 48
0x00007ffdd1a1a218:   85 ff 0f 84 d2 02 00 00 8b 47 28 41 3b c2 73 0e
0x00007ffdd1a1a228:   8b c8 49 8b 00 48 8b 04 c8 48 85 c0 75 04 48 8b
0x00007ffdd1a1a238:   43 40 0f b7 40 58 66 41 39 41 58 48 0f 42 fa 4c
0x00007ffdd1a1a248:   3b fa 0f 85 40 ff ff ff 49 3b ff 0f 84 df 01 00
0x00007ffdd1a1a258:   00 8b 47 2c 48 8b f7 24 0f 3c 08 75 6f 33 d2 48
0x00007ffdd1a1a268:   8b ce e8 f1 22 0a 00 48 85 c0 74 60 48 8b c8 e8
0x00007ffdd1a1a278:   24 03 bd ff 85 c0 79 54 f7 d0 8b c8 81 e1 f8 00
0x00007ffdd1a1a288:   00 00 80 f9 90 74 13 8b c8 81 e1 f8 00 00 00 80
0x00007ffdd1a1a298:   f9 88 74 06 24 f8 3c 40 75 32 48 8b 46 08 4d 8b
0x00007ffdd1a1a2a8:   c7 48 8b 08 48 8b 41 08 48 8b cb 48 8b 38 48 8b 


Stack slot to memory mapping:

stack at sp + 0 slots: 0x000000000000011d is an unknown value
stack at sp + 1 slots: 0x0000000000000001 is an unknown value
stack at sp + 2 slots: 0x0000002f991fc130 is pointing into the stack for thread: 0x000001fa58efb420
stack at sp + 3 slots: 0x000001fa00000008 points into unknown readable memory: 0x0000000000000001 | 01 00 00 00 00 00 00 00
stack at sp + 4 slots: 0x0000000000000001 is an unknown value
stack at sp + 5 slots: 0x0000002f991fbe70 is pointing into the stack for thread: 0x000001fa58efb420
stack at sp + 6 slots: 0x000001fa55d93cd8 points into unknown readable memory: 0x00007ffdd1e114c8 | c8 14 e1 d1 fd 7f 00 00
stack at sp + 7 slots: 0x00007ffdd1a19ef2 jvm.dll


---------------  P R O C E S S  ---------------

Threads class SMR info:
_java_thread_list=0x000001fa58a290f0, length=96, elements={
0x000001fa69737610, 0x000001fa7db34ed0, 0x000001fa7db35b20, 0x000001fa7db38e20,
0x000001fa7db39870, 0x000001fa7db3ce70, 0x000001fa7db3e060, 0x000001fa7db432f0,
0x000001fa7db44fb0, 0x000001fa7dc5dd70, 0x000001fa7dc62cf0, 0x000001fa7dcb0c00,
0x000001fa7dda8150, 0x000001fa7de679c0, 0x000001fa7df4e9d0, 0x000001fa7f2f3310,
0x000001fa544343b0, 0x000001fa5449f430, 0x000001fa547a4920, 0x000001fa543bcd20,
0x000001fa54545820, 0x000001fa54291950, 0x000001fa5428de10, 0x000001fa542ac380,
0x000001fa542b04b0, 0x000001fa542add50, 0x000001fa542b0b40, 0x000001fa542ae3e0,
0x000001fa542b11d0, 0x000001fa542afe20, 0x000001fa542aea70, 0x000001fa542af100,
0x000001fa542af790, 0x000001fa58f07f00, 0x000001fa58f0a660, 0x000001fa58f09940,
0x000001fa58f0c730, 0x000001fa58f08590, 0x000001fa58f0e800, 0x000001fa58f0cdc0,
0x000001fa58f0d450, 0x000001fa58f0f520, 0x000001fa58f092b0, 0x000001fa58f0acf0,
0x000001fa58f0b380, 0x000001fa58f17bc0, 0x000001fa58f16180, 0x000001fa58f14dd0,
0x000001fa58f19c90, 0x000001fa58f1a9b0, 0x000001fa58f188e0, 0x000001fa58f18250,
0x000001fa58f18f70, 0x000001fa58f1a320, 0x000001fa58f19600, 0x000001fa58f1b040,
0x000001fa58f1b6d0, 0x000001fa58f14740, 0x000001fa58f16ea0, 0x000001fa58f1bd60,
0x000001fa58f15460, 0x000001fa58f15af0, 0x000001fa58f16810, 0x000001fa58f17530,
0x000001fa556ff190, 0x000001fa55701260, 0x000001fa556fca30, 0x000001fa556fdde0,
0x000001fa556fd0c0, 0x000001fa556fc3a0, 0x000001fa556fa2d0, 0x000001fa556ffeb0,
0x000001fa556ff820, 0x000001fa556fa960, 0x000001fa55700540, 0x000001fa55700bd0,
0x000001fa557018f0, 0x000001fa556fe470, 0x000001fa556fb680, 0x000001fa556faff0,
0x000001fa556fd750, 0x000001fa556fbd10, 0x000001fa556feb00, 0x000001fa58bdf7c0,
0x000001fa58bdd060, 0x000001fa58bdfe50, 0x000001fa58be32d0, 0x000001fa58be3960,
0x000001fa58be2c40, 0x000001fa58bdeaa0, 0x000001fa58be1890, 0x000001fa58bde410,
0x000001fa58be4680, 0x000001fa58be0b70, 0x000001fa58ef9210, 0x000001fa58efb420
}

Java Threads: ( => current thread )
  0x000001fa69737610 JavaThread "main"                              [_thread_blocked, id=43316, stack(0x0000002f95800000,0x0000002f95900000) (1024K)]
  0x000001fa7db34ed0 JavaThread "Reference Handler"          daemon [_thread_blocked, id=94932, stack(0x0000002f96000000,0x0000002f96100000) (1024K)]
  0x000001fa7db35b20 JavaThread "Finalizer"                  daemon [_thread_blocked, id=85284, stack(0x0000002f96100000,0x0000002f96200000) (1024K)]
  0x000001fa7db38e20 JavaThread "Signal Dispatcher"          daemon [_thread_blocked, id=95432, stack(0x0000002f96200000,0x0000002f96300000) (1024K)]
  0x000001fa7db39870 JavaThread "Attach Listener"            daemon [_thread_blocked, id=87940, stack(0x0000002f96300000,0x0000002f96400000) (1024K)]
  0x000001fa7db3ce70 JavaThread "Service Thread"             daemon [_thread_blocked, id=93824, stack(0x0000002f96400000,0x0000002f96500000) (1024K)]
  0x000001fa7db3e060 JavaThread "Monitor Deflation Thread"   daemon [_thread_blocked, id=37936, stack(0x0000002f96500000,0x0000002f96600000) (1024K)]
  0x000001fa7db432f0 JavaThread "C2 CompilerThread0"         daemon [_thread_in_native, id=96980, stack(0x0000002f96600000,0x0000002f96700000) (1024K)]
  0x000001fa7db44fb0 JavaThread "C1 CompilerThread0"         daemon [_thread_blocked, id=88888, stack(0x0000002f96700000,0x0000002f96800000) (1024K)]
  0x000001fa7dc5dd70 JavaThread "C1 CompilerThread1"         daemon [_thread_blocked, id=93152, stack(0x0000002f96800000,0x0000002f96900000) (1024K)]
  0x000001fa7dc62cf0 JavaThread "C1 CompilerThread2"         daemon [_thread_blocked, id=98904, stack(0x0000002f96900000,0x0000002f96a00000) (1024K)]
  0x000001fa7dcb0c00 JavaThread "C2 CompilerThread1"         daemon [_thread_in_native, id=92640, stack(0x0000002f96a00000,0x0000002f96b00000) (1024K)]
  0x000001fa7dda8150 JavaThread "Common-Cleaner"             daemon [_thread_blocked, id=82696, stack(0x0000002f96b00000,0x0000002f96c00000) (1024K)]
  0x000001fa7de679c0 JavaThread "Notification Thread"        daemon [_thread_blocked, id=90464, stack(0x0000002f96c00000,0x0000002f96d00000) (1024K)]
  0x000001fa7df4e9d0 JavaThread "C2 CompilerThread2"         daemon [_thread_in_native, id=85204, stack(0x0000002f96d00000,0x0000002f96e00000) (1024K)]
  0x000001fa7f2f3310 JavaThread "C1 CompilerThread3"         daemon [_thread_blocked, id=93864, stack(0x0000002f97a00000,0x0000002f97b00000) (1024K)]
  0x000001fa544343b0 JavaThread "Daemon health stats"               [_thread_blocked, id=99192, stack(0x0000002f97b00000,0x0000002f97c00000) (1024K)]
  0x000001fa5449f430 JavaThread "Incoming local TCP Connector on port 64388"        [_thread_in_native, id=24908, stack(0x0000002f97c00000,0x0000002f97d00000) (1024K)]
  0x000001fa547a4920 JavaThread "Daemon periodic checks"            [_thread_blocked, id=37408, stack(0x0000002f97d00000,0x0000002f97e00000) (1024K)]
  0x000001fa543bcd20 JavaThread "Daemon"                            [_thread_blocked, id=99272, stack(0x0000002f97e00000,0x0000002f97f00000) (1024K)]
  0x000001fa54545820 JavaThread "Handler for socket connection from /127.0.0.1:64388 to /127.0.0.1:64389"        [_thread_in_native, id=97168, stack(0x0000002f97f00000,0x0000002f98000000) (1024K)]
  0x000001fa54291950 JavaThread "Cancel handler"                    [_thread_blocked, id=91020, stack(0x0000002f98000000,0x0000002f98100000) (1024K)]
  0x000001fa5428de10 JavaThread "Daemon worker"                     [_thread_in_vm, id=97544, stack(0x0000002f98100000,0x0000002f98200000) (1024K)]
  0x000001fa542ac380 JavaThread "Asynchronous log dispatcher for DefaultDaemonConnection: socket connection from /127.0.0.1:64388 to /127.0.0.1:64389"        [_thread_blocked, id=90824, stack(0x0000002f98200000,0x0000002f98300000) (1024K)]
  0x000001fa542b04b0 JavaThread "Stdin handler"                     [_thread_blocked, id=97008, stack(0x0000002f98300000,0x0000002f98400000) (1024K)]
  0x000001fa542add50 JavaThread "Daemon client event forwarder"        [_thread_blocked, id=93444, stack(0x0000002f98400000,0x0000002f98500000) (1024K)]
  0x000001fa542b0b40 JavaThread "Cache worker for journal cache (C:\Users\diego\.gradle\caches\journal-1)"        [_thread_blocked, id=98640, stack(0x0000002f98500000,0x0000002f98600000) (1024K)]
  0x000001fa542ae3e0 JavaThread "File lock request listener"        [_thread_in_native, id=85152, stack(0x0000002f98600000,0x0000002f98700000) (1024K)]
  0x000001fa542b11d0 JavaThread "Cache worker for file hash cache (C:\Users\diego\.gradle\caches\8.12.1\fileHashes)"        [_thread_blocked, id=92360, stack(0x0000002f98700000,0x0000002f98800000) (1024K)]
  0x000001fa542afe20 JavaThread "Cache worker for file hash cache (E:\repos\EMVS1_und_2_Projekt\.gradle\8.12.1\fileHashes)"        [_thread_blocked, id=93016, stack(0x0000002f98b00000,0x0000002f98c00000) (1024K)]
  0x000001fa542aea70 JavaThread "Cache worker for Build Output Cleanup Cache (E:\repos\EMVS1_und_2_Projekt\.gradle\buildOutputCleanup)"        [_thread_blocked, id=91916, stack(0x0000002f98c00000,0x0000002f98d00000) (1024K)]
  0x000001fa542af100 JavaThread "File watcher server"        daemon [_thread_in_native, id=94596, stack(0x0000002f98d00000,0x0000002f98e00000) (1024K)]
  0x000001fa542af790 JavaThread "File watcher consumer"      daemon [_thread_blocked, id=95380, stack(0x0000002f98e00000,0x0000002f98f00000) (1024K)]
  0x000001fa58f07f00 JavaThread "jar transforms"                    [_thread_blocked, id=98868, stack(0x0000002f99300000,0x0000002f99400000) (1024K)]
  0x000001fa58f0a660 JavaThread "Cache worker for checksums cache (E:\repos\EMVS1_und_2_Projekt\.gradle\8.12.1\checksums)"        [_thread_blocked, id=92668, stack(0x0000002f99400000,0x0000002f99500000) (1024K)]
  0x000001fa58f09940 JavaThread "Cache worker for file content cache (C:\Users\diego\.gradle\caches\8.12.1\fileContent)"        [_thread_blocked, id=98172, stack(0x0000002f99500000,0x0000002f99600000) (1024K)]
  0x000001fa58f0c730 JavaThread "Cache worker for cache directory md-rule (C:\Users\diego\.gradle\caches\8.12.1\md-rule)"        [_thread_blocked, id=98644, stack(0x0000002f99600000,0x0000002f99700000) (1024K)]
  0x000001fa58f08590 JavaThread "Cache worker for cache directory md-supplier (C:\Users\diego\.gradle\caches\8.12.1\md-supplier)"        [_thread_blocked, id=97012, stack(0x0000002f99700000,0x0000002f99800000) (1024K)]
  0x000001fa58f0e800 JavaThread "Unconstrained build operations"        [_thread_blocked, id=6660, stack(0x0000002f99800000,0x0000002f99900000) (1024K)]
  0x000001fa58f0cdc0 JavaThread "Unconstrained build operations Thread 2"        [_thread_blocked, id=83552, stack(0x0000002f99900000,0x0000002f99a00000) (1024K)]
  0x000001fa58f0d450 JavaThread "Unconstrained build operations Thread 3"        [_thread_blocked, id=31344, stack(0x0000002f99a00000,0x0000002f99b00000) (1024K)]
  0x000001fa58f0f520 JavaThread "Unconstrained build operations Thread 4"        [_thread_blocked, id=97108, stack(0x0000002f99b00000,0x0000002f99c00000) (1024K)]
  0x000001fa58f092b0 JavaThread "Unconstrained build operations Thread 5"        [_thread_blocked, id=83272, stack(0x0000002f99c00000,0x0000002f99d00000) (1024K)]
  0x000001fa58f0acf0 JavaThread "Unconstrained build operations Thread 6"        [_thread_blocked, id=97808, stack(0x0000002f99d00000,0x0000002f99e00000) (1024K)]
  0x000001fa58f0b380 JavaThread "jar transforms Thread 2"           [_thread_blocked, id=98796, stack(0x0000002f99e00000,0x0000002f99f00000) (1024K)]
  0x000001fa58f17bc0 JavaThread "jar transforms Thread 3"           [_thread_blocked, id=96976, stack(0x0000002f99200000,0x0000002f99300000) (1024K)]
  0x000001fa58f16180 JavaThread "Unconstrained build operations Thread 7"        [_thread_blocked, id=91812, stack(0x0000002f99f00000,0x0000002f9a000000) (1024K)]
  0x000001fa58f14dd0 JavaThread "Unconstrained build operations Thread 8"        [_thread_blocked, id=98028, stack(0x0000002f9a000000,0x0000002f9a100000) (1024K)]
  0x000001fa58f19c90 JavaThread "Unconstrained build operations Thread 9"        [_thread_blocked, id=90272, stack(0x0000002f9a100000,0x0000002f9a200000) (1024K)]
  0x000001fa58f1a9b0 JavaThread "Unconstrained build operations Thread 10"        [_thread_blocked, id=80020, stack(0x0000002f9a200000,0x0000002f9a300000) (1024K)]
  0x000001fa58f188e0 JavaThread "Unconstrained build operations Thread 11"        [_thread_blocked, id=95072, stack(0x0000002f9a300000,0x0000002f9a400000) (1024K)]
  0x000001fa58f18250 JavaThread "Unconstrained build operations Thread 12"        [_thread_blocked, id=99012, stack(0x0000002f9a400000,0x0000002f9a500000) (1024K)]
  0x000001fa58f18f70 JavaThread "Unconstrained build operations Thread 13"        [_thread_blocked, id=86876, stack(0x0000002f9a500000,0x0000002f9a600000) (1024K)]
  0x000001fa58f1a320 JavaThread "Unconstrained build operations Thread 14"        [_thread_blocked, id=91128, stack(0x0000002f9a600000,0x0000002f9a700000) (1024K)]
  0x000001fa58f19600 JavaThread "Unconstrained build operations Thread 15"        [_thread_blocked, id=91416, stack(0x0000002f9a700000,0x0000002f9a800000) (1024K)]
  0x000001fa58f1b040 JavaThread "Unconstrained build operations Thread 16"        [_thread_blocked, id=91364, stack(0x0000002f9a800000,0x0000002f9a900000) (1024K)]
  0x000001fa58f1b6d0 JavaThread "Unconstrained build operations Thread 17"        [_thread_blocked, id=94144, stack(0x0000002f9a900000,0x0000002f9aa00000) (1024K)]
  0x000001fa58f14740 JavaThread "Unconstrained build operations Thread 18"        [_thread_blocked, id=99180, stack(0x0000002f9aa00000,0x0000002f9ab00000) (1024K)]
  0x000001fa58f16ea0 JavaThread "Unconstrained build operations Thread 19"        [_thread_blocked, id=95480, stack(0x0000002f9ab00000,0x0000002f9ac00000) (1024K)]
  0x000001fa58f1bd60 JavaThread "Unconstrained build operations Thread 20"        [_thread_blocked, id=72616, stack(0x0000002f9ac00000,0x0000002f9ad00000) (1024K)]
  0x000001fa58f15460 JavaThread "Unconstrained build operations Thread 21"        [_thread_blocked, id=91524, stack(0x0000002f9ad00000,0x0000002f9ae00000) (1024K)]
  0x000001fa58f15af0 JavaThread "Unconstrained build operations Thread 22"        [_thread_blocked, id=84324, stack(0x0000002f9ae00000,0x0000002f9af00000) (1024K)]
  0x000001fa58f16810 JavaThread "Unconstrained build operations Thread 23"        [_thread_blocked, id=27492, stack(0x0000002f9af00000,0x0000002f9b000000) (1024K)]
  0x000001fa58f17530 JavaThread "Unconstrained build operations Thread 24"        [_thread_blocked, id=5208, stack(0x0000002f9b000000,0x0000002f9b100000) (1024K)]
  0x000001fa556ff190 JavaThread "Unconstrained build operations Thread 25"        [_thread_blocked, id=97928, stack(0x0000002f9b100000,0x0000002f9b200000) (1024K)]
  0x000001fa55701260 JavaThread "Unconstrained build operations Thread 26"        [_thread_blocked, id=83424, stack(0x0000002f9b200000,0x0000002f9b300000) (1024K)]
  0x000001fa556fca30 JavaThread "Unconstrained build operations Thread 27"        [_thread_blocked, id=98864, stack(0x0000002f9b300000,0x0000002f9b400000) (1024K)]
  0x000001fa556fdde0 JavaThread "Unconstrained build operations Thread 28"        [_thread_blocked, id=87216, stack(0x0000002f9b400000,0x0000002f9b500000) (1024K)]
  0x000001fa556fd0c0 JavaThread "Unconstrained build operations Thread 29"        [_thread_blocked, id=83356, stack(0x0000002f9b500000,0x0000002f9b600000) (1024K)]
  0x000001fa556fc3a0 JavaThread "Unconstrained build operations Thread 30"        [_thread_blocked, id=99108, stack(0x0000002f9b600000,0x0000002f9b700000) (1024K)]
  0x000001fa556fa2d0 JavaThread "Unconstrained build operations Thread 31"        [_thread_blocked, id=77856, stack(0x0000002f9b700000,0x0000002f9b800000) (1024K)]
  0x000001fa556ffeb0 JavaThread "Unconstrained build operations Thread 32"        [_thread_blocked, id=98960, stack(0x0000002f9b800000,0x0000002f9b900000) (1024K)]
  0x000001fa556ff820 JavaThread "Unconstrained build operations Thread 33"        [_thread_blocked, id=91708, stack(0x0000002f9b900000,0x0000002f9ba00000) (1024K)]
  0x000001fa556fa960 JavaThread "Unconstrained build operations Thread 34"        [_thread_blocked, id=94468, stack(0x0000002f9ba00000,0x0000002f9bb00000) (1024K)]
  0x000001fa55700540 JavaThread "Unconstrained build operations Thread 35"        [_thread_blocked, id=95384, stack(0x0000002f9bb00000,0x0000002f9bc00000) (1024K)]
  0x000001fa55700bd0 JavaThread "Unconstrained build operations Thread 36"        [_thread_blocked, id=87460, stack(0x0000002f9bc00000,0x0000002f9bd00000) (1024K)]
  0x000001fa557018f0 JavaThread "Unconstrained build operations Thread 37"        [_thread_blocked, id=94116, stack(0x0000002f9bd00000,0x0000002f9be00000) (1024K)]
  0x000001fa556fe470 JavaThread "Unconstrained build operations Thread 38"        [_thread_blocked, id=96164, stack(0x0000002f9be00000,0x0000002f9bf00000) (1024K)]
  0x000001fa556fb680 JavaThread "Unconstrained build operations Thread 39"        [_thread_blocked, id=82492, stack(0x0000002f9bf00000,0x0000002f9c000000) (1024K)]
  0x000001fa556faff0 JavaThread "Unconstrained build operations Thread 40"        [_thread_blocked, id=90084, stack(0x0000002f9c000000,0x0000002f9c100000) (1024K)]
  0x000001fa556fd750 JavaThread "Unconstrained build operations Thread 41"        [_thread_blocked, id=63244, stack(0x0000002f9c100000,0x0000002f9c200000) (1024K)]
  0x000001fa556fbd10 JavaThread "Unconstrained build operations Thread 42"        [_thread_blocked, id=92420, stack(0x0000002f9c200000,0x0000002f9c300000) (1024K)]
  0x000001fa556feb00 JavaThread "Unconstrained build operations Thread 43"        [_thread_blocked, id=97524, stack(0x0000002f9c300000,0x0000002f9c400000) (1024K)]
  0x000001fa58bdf7c0 JavaThread "Unconstrained build operations Thread 44"        [_thread_blocked, id=97872, stack(0x0000002f9c400000,0x0000002f9c500000) (1024K)]
  0x000001fa58bdd060 JavaThread "Unconstrained build operations Thread 45"        [_thread_blocked, id=97160, stack(0x0000002f9c500000,0x0000002f9c600000) (1024K)]
  0x000001fa58bdfe50 JavaThread "Unconstrained build operations Thread 46"        [_thread_blocked, id=91008, stack(0x0000002f9c600000,0x0000002f9c700000) (1024K)]
  0x000001fa58be32d0 JavaThread "Unconstrained build operations Thread 47"        [_thread_blocked, id=92108, stack(0x0000002f9c700000,0x0000002f9c800000) (1024K)]
  0x000001fa58be3960 JavaThread "Unconstrained build operations Thread 48"        [_thread_blocked, id=93788, stack(0x0000002f9c800000,0x0000002f9c900000) (1024K)]
  0x000001fa58be2c40 JavaThread "Unconstrained build operations Thread 49"        [_thread_blocked, id=94392, stack(0x0000002f9c900000,0x0000002f9ca00000) (1024K)]
  0x000001fa58bdeaa0 JavaThread "Unconstrained build operations Thread 50"        [_thread_blocked, id=94740, stack(0x0000002f9ca00000,0x0000002f9cb00000) (1024K)]
  0x000001fa58be1890 JavaThread "Unconstrained build operations Thread 51"        [_thread_blocked, id=85444, stack(0x0000002f9cb00000,0x0000002f9cc00000) (1024K)]
  0x000001fa58bde410 JavaThread "Keep-Alive-Timer"           daemon [_thread_blocked, id=91472, stack(0x0000002f9cc00000,0x0000002f9cd00000) (1024K)]
  0x000001fa58be4680 JavaThread "Memory manager"                    [_thread_blocked, id=94168, stack(0x0000002f96e00000,0x0000002f96f00000) (1024K)]
  0x000001fa58be0b70 JavaThread "jar transforms Thread 4"           [_thread_blocked, id=88856, stack(0x0000002f98f00000,0x0000002f99000000) (1024K)]
  0x000001fa58ef9210 JavaThread "C2 CompilerThread3"         daemon [_thread_in_native, id=48064, stack(0x0000002f99000000,0x0000002f99100000) (1024K)]
=>0x000001fa58efb420 JavaThread "C2 CompilerThread4"         daemon [_thread_in_native, id=92432, stack(0x0000002f99100000,0x0000002f99200000) (1024K)]
Total: 96

Other Threads:
  0x000001fa7db19c10 VMThread "VM Thread"                           [id=94280, stack(0x0000002f95f00000,0x0000002f96000000) (1024K)]
  0x000001fa7db06c10 WatcherThread "VM Periodic Task Thread"        [id=94100, stack(0x0000002f95e00000,0x0000002f95f00000) (1024K)]
  0x000001fa697aabd0 WorkerThread "GC Thread#0"                     [id=92728, stack(0x0000002f95900000,0x0000002f95a00000) (1024K)]
  0x000001fa7e2a6880 WorkerThread "GC Thread#1"                     [id=89172, stack(0x0000002f96f00000,0x0000002f97000000) (1024K)]
  0x000001fa7e4e1a10 WorkerThread "GC Thread#2"                     [id=79796, stack(0x0000002f97000000,0x0000002f97100000) (1024K)]
  0x000001fa7e4e1db0 WorkerThread "GC Thread#3"                     [id=76220, stack(0x0000002f97100000,0x0000002f97200000) (1024K)]
  0x000001fa7e4e2150 WorkerThread "GC Thread#4"                     [id=76924, stack(0x0000002f97200000,0x0000002f97300000) (1024K)]
  0x000001fa7e34b510 WorkerThread "GC Thread#5"                     [id=98916, stack(0x0000002f97300000,0x0000002f97400000) (1024K)]
  0x000001fa7e34b8b0 WorkerThread "GC Thread#6"                     [id=93652, stack(0x0000002f97400000,0x0000002f97500000) (1024K)]
  0x000001fa7e34bc50 WorkerThread "GC Thread#7"                     [id=98424, stack(0x0000002f97500000,0x0000002f97600000) (1024K)]
  0x000001fa7e34bff0 WorkerThread "GC Thread#8"                     [id=83436, stack(0x0000002f97600000,0x0000002f97700000) (1024K)]
  0x000001fa7e2b81f0 WorkerThread "GC Thread#9"                     [id=98476, stack(0x0000002f97700000,0x0000002f97800000) (1024K)]
  0x000001fa7e2b7e50 WorkerThread "GC Thread#10"                    [id=98388, stack(0x0000002f97800000,0x0000002f97900000) (1024K)]
  0x000001fa7e2b7710 WorkerThread "GC Thread#11"                    [id=94808, stack(0x0000002f97900000,0x0000002f97a00000) (1024K)]
  0x000001fa545235d0 WorkerThread "GC Thread#12"                    [id=93100, stack(0x0000002f98800000,0x0000002f98900000) (1024K)]
  0x000001fa697b5960 ConcurrentGCThread "G1 Main Marker"            [id=94388, stack(0x0000002f95a00000,0x0000002f95b00000) (1024K)]
  0x000001fa697b7be0 WorkerThread "G1 Conc#0"                       [id=86600, stack(0x0000002f95b00000,0x0000002f95c00000) (1024K)]
  0x000001fa545247f0 WorkerThread "G1 Conc#1"                       [id=88044, stack(0x0000002f98900000,0x0000002f98a00000) (1024K)]
  0x000001fa54522e90 WorkerThread "G1 Conc#2"                       [id=68244, stack(0x0000002f98a00000,0x0000002f98b00000) (1024K)]
  0x000001fa7d9dba60 ConcurrentGCThread "G1 Refine#0"               [id=93300, stack(0x0000002f95c00000,0x0000002f95d00000) (1024K)]
  0x000001fa7d9dc280 ConcurrentGCThread "G1 Service"                [id=89572, stack(0x0000002f95d00000,0x0000002f95e00000) (1024K)]
Total: 21

Threads with active compile tasks:
C2 CompilerThread0  5952 8334       4       groovy.lang.MetaClassImpl$1::methodNameAction (169 bytes)
C2 CompilerThread1  5952 8277   !   4       java.lang.reflect.Executable::sharedToGenericString (255 bytes)
C2 CompilerThread2  5952 8289       4       java.beans.Introspector::addMethod (241 bytes)
C2 CompilerThread3  5952 8224       4       groovy.lang.MetaClassImpl$1MOPIter::methodNameAction (325 bytes)
C2 CompilerThread4  5952 8269       4       java.beans.MethodRef::set (58 bytes)
Total: 5

VM state: not at safepoint (normal execution)

VM Mutex/Monitor currently owned by a thread: None

Heap address: 0x00000006c0000000, size: 5120 MB, Compressed Oops mode: Zero based, Oop shift amount: 3

CDS archive(s) mapped at: [0x000001fa0f000000-0x000001fa0fc80000-0x000001fa0fc80000), size 13107200, SharedBaseAddress: 0x000001fa0f000000, ArchiveRelocationMode: 1.
Compressed class space mapped at: 0x000001fa10000000-0x000001fa50000000, reserved size: 1073741824
Narrow klass base: 0x000001fa0f000000, Narrow klass shift: 0, Narrow klass range: 0x100000000

GC Precious Log:
 CardTable entry size: 512
 Card Set container configuration: InlinePtr #cards 4 size 8 Array Of Cards #cards 32 size 80 Howl #buckets 8 coarsen threshold 7372 Howl Bitmap #cards 1024 size 144 coarsen threshold 921 Card regions per heap region 1 cards per card region 8192
 CPUs: 16 total, 16 available
 Memory: 32681M
 Large Page Support: Disabled
 NUMA Support: Disabled
 Compressed Oops: Enabled (Zero based)
 Heap Region Size: 4M
 Heap Min Capacity: 8M
 Heap Initial Capacity: 512M
 Heap Max Capacity: 5G
 Pre-touch: Disabled
 Parallel Workers: 13
 Concurrent Workers: 3
 Concurrent Refinement Workers: 13
 Periodic GC: Disabled

Heap:
 garbage-first heap   total 118784K, used 89707K [0x00000006c0000000, 0x0000000800000000)
  region size 4096K, 12 young (49152K), 2 survivors (8192K)
 Metaspace       used 64199K, committed 66176K, reserved 1114112K
  class space    used 9100K, committed 10048K, reserved 1048576K

Heap Regions: E=young(eden), S=young(survivor), O=old, HS=humongous(starts), HC=humongous(continues), CS=collection set, F=free, TAMS=top-at-mark-start, PB=parsable bottom
|   0|0x00000006c0000000, 0x00000006c0400000, 0x00000006c0400000|100%|HS|  |TAMS 0x00000006c0000000| PB 0x00000006c0000000| Complete 
|   1|0x00000006c0400000, 0x00000006c0800000, 0x00000006c0800000|100%| O|  |TAMS 0x00000006c0400000| PB 0x00000006c0400000| Untracked 
|   2|0x00000006c0800000, 0x00000006c0ba4f88, 0x00000006c0c00000| 91%| O|  |TAMS 0x00000006c0800000| PB 0x00000006c0800000| Untracked 
|   3|0x00000006c0c00000, 0x00000006c1000000, 0x00000006c1000000|100%| O|  |TAMS 0x00000006c0c00000| PB 0x00000006c0c00000| Untracked 
|   4|0x00000006c1000000, 0x00000006c1400000, 0x00000006c1400000|100%| O|  |TAMS 0x00000006c1000000| PB 0x00000006c1000000| Untracked 
|   5|0x00000006c1400000, 0x00000006c1800000, 0x00000006c1800000|100%| O|  |TAMS 0x00000006c1400000| PB 0x00000006c1400000| Untracked 
|   6|0x00000006c1800000, 0x00000006c1c00000, 0x00000006c1c00000|100%| O|  |TAMS 0x00000006c1800000| PB 0x00000006c1800000| Untracked 
|   7|0x00000006c1c00000, 0x00000006c2000000, 0x00000006c2000000|100%| O|Cm|TAMS 0x00000006c1c00000| PB 0x00000006c1c00000| Complete 
|   8|0x00000006c2000000, 0x00000006c2400000, 0x00000006c2400000|100%| O|  |TAMS 0x00000006c2000000| PB 0x00000006c2000000| Untracked 
|   9|0x00000006c2400000, 0x00000006c2800000, 0x00000006c2800000|100%| O|  |TAMS 0x00000006c2400000| PB 0x00000006c2400000| Untracked 
|  10|0x00000006c2800000, 0x00000006c2c00000, 0x00000006c2c00000|100%| O|  |TAMS 0x00000006c2800000| PB 0x00000006c2800000| Untracked 
|  11|0x00000006c2c00000, 0x00000006c2f43658, 0x00000006c3000000| 81%| O|  |TAMS 0x00000006c2c00000| PB 0x00000006c2c00000| Untracked 
|  12|0x00000006c3000000, 0x00000006c30b2788, 0x00000006c3400000| 17%| S|CS|TAMS 0x00000006c3000000| PB 0x00000006c3000000| Complete 
|  13|0x00000006c3400000, 0x00000006c3800000, 0x00000006c3800000|100%| S|CS|TAMS 0x00000006c3400000| PB 0x00000006c3400000| Complete 
|  14|0x00000006c3800000, 0x00000006c3800000, 0x00000006c3c00000|  0%| F|  |TAMS 0x00000006c3800000| PB 0x00000006c3800000| Untracked 
|  15|0x00000006c3c00000, 0x00000006c3c00000, 0x00000006c4000000|  0%| F|  |TAMS 0x00000006c3c00000| PB 0x00000006c3c00000| Untracked 
|  16|0x00000006c4000000, 0x00000006c4000000, 0x00000006c4400000|  0%| F|  |TAMS 0x00000006c4000000| PB 0x00000006c4000000| Untracked 
|  17|0x00000006c4400000, 0x00000006c4400000, 0x00000006c4800000|  0%| F|  |TAMS 0x00000006c4400000| PB 0x00000006c4400000| Untracked 
|  18|0x00000006c4800000, 0x00000006c4800000, 0x00000006c4c00000|  0%| F|  |TAMS 0x00000006c4800000| PB 0x00000006c4800000| Untracked 
|  19|0x00000006c4c00000, 0x00000006c4dc14c8, 0x00000006c5000000| 43%| E|  |TAMS 0x00000006c4c00000| PB 0x00000006c4c00000| Complete 
|  20|0x00000006c5000000, 0x00000006c5400000, 0x00000006c5400000|100%| E|CS|TAMS 0x00000006c5000000| PB 0x00000006c5000000| Complete 
|  21|0x00000006c5400000, 0x00000006c5800000, 0x00000006c5800000|100%| E|CS|TAMS 0x00000006c5400000| PB 0x00000006c5400000| Complete 
|  22|0x00000006c5800000, 0x00000006c5c00000, 0x00000006c5c00000|100%| E|CS|TAMS 0x00000006c5800000| PB 0x00000006c5800000| Complete 
|  23|0x00000006c5c00000, 0x00000006c6000000, 0x00000006c6000000|100%| E|CS|TAMS 0x00000006c5c00000| PB 0x00000006c5c00000| Complete 
| 100|0x00000006d9000000, 0x00000006d9400000, 0x00000006d9400000|100%| E|CS|TAMS 0x00000006d9000000| PB 0x00000006d9000000| Complete 
| 101|0x00000006d9400000, 0x00000006d9800000, 0x00000006d9800000|100%| E|CS|TAMS 0x00000006d9400000| PB 0x00000006d9400000| Complete 
| 102|0x00000006d9800000, 0x00000006d9c00000, 0x00000006d9c00000|100%| E|CS|TAMS 0x00000006d9800000| PB 0x00000006d9800000| Complete 
| 103|0x00000006d9c00000, 0x00000006da000000, 0x00000006da000000|100%| E|CS|TAMS 0x00000006d9c00000| PB 0x00000006d9c00000| Complete 
| 127|0x00000006dfc00000, 0x00000006e0000000, 0x00000006e0000000|100%| E|CS|TAMS 0x00000006dfc00000| PB 0x00000006dfc00000| Complete 

Card table byte_map: [0x000001fa75110000,0x000001fa75b10000] _byte_map_base: 0x000001fa71b10000

Marking Bits: (CMBitMap*) 0x000001fa697ab080
 Bits: [0x000001fa75b10000, 0x000001fa7ab10000)

Polling page: 0x000001fa69800000

Metaspace:

Usage:
  Non-class:     53.81 MB used.
      Class:      8.89 MB used.
       Both:     62.70 MB used.

Virtual space:
  Non-class space:       64.00 MB reserved,      54.81 MB ( 86%) committed,  1 nodes.
      Class space:        1.00 GB reserved,       9.81 MB ( <1%) committed,  1 nodes.
             Both:        1.06 GB reserved,      64.62 MB (  6%) committed. 

Chunk freelists:
   Non-Class:  9.19 MB
       Class:  6.00 MB
        Both:  15.19 MB

MaxMetaspaceSize: unlimited
CompressedClassSpaceSize: 1.00 GB
Initial GC threshold: 21.00 MB
Current GC threshold: 98.25 MB
CDS: on
 - commit_granule_bytes: 65536.
 - commit_granule_words: 8192.
 - virtual_space_node_default_size: 8388608.
 - enlarge_chunks_in_place: 1.
 - use_allocation_guard: 0.


Internal statistics:

num_allocs_failed_limit: 9.
num_arena_births: 3510.
num_arena_deaths: 0.
num_vsnodes_births: 2.
num_vsnodes_deaths: 0.
num_space_committed: 1034.
num_space_uncommitted: 0.
num_chunks_returned_to_freelist: 9.
num_chunks_taken_from_freelist: 6429.
num_chunk_merges: 9.
num_chunk_splits: 4087.
num_chunks_enlarged: 2421.
num_inconsistent_stats: 0.

CodeHeap 'non-profiled nmethods': size=119168Kb used=4563Kb max_used=4563Kb free=114604Kb
 bounds [0x000001fa07ba0000, 0x000001fa08020000, 0x000001fa0f000000]
CodeHeap 'profiled nmethods': size=119104Kb used=14718Kb max_used=14718Kb free=104385Kb
 bounds [0x000001fa00000000, 0x000001fa00e60000, 0x000001fa07450000]
CodeHeap 'non-nmethods': size=7488Kb used=4336Kb max_used=4401Kb free=3151Kb
 bounds [0x000001fa07450000, 0x000001fa078b0000, 0x000001fa07ba0000]
CodeCache: size=245760Kb, used=23617Kb, max_used=23682Kb, free=222140Kb
 total_blobs=8454, nmethods=7544, adapters=811, full_count=0
Compilation: enabled, stopped_count=0, restarted_count=0

Compilation events (20 events):
Event: 5.894 Thread 0x000001fa7dc5dd70 8309       3       java.beans.Introspector::getTargetMethodInfo (250 bytes)
Event: 5.894 Thread 0x000001fa7f2f3310 8310   !   3       com.sun.beans.introspect.MethodInfo::get (273 bytes)
Event: 5.895 Thread 0x000001fa7dc5dd70 nmethod 8309 0x000001fa00e4de10 code [0x000001fa00e4e1c0, 0x000001fa00e4f908]
Event: 5.895 Thread 0x000001fa7dc5dd70 8311       3       sun.reflect.generics.tree.ArrayTypeSignature::make (9 bytes)
Event: 5.895 Thread 0x000001fa7dc62cf0 8312       3       sun.reflect.generics.tree.ArrayTypeSignature::<init> (10 bytes)
Event: 5.895 Thread 0x000001fa7db44fb0 8313       3       sun.reflect.generics.tree.ArrayTypeSignature::accept (8 bytes)
Event: 5.895 Thread 0x000001fa7dc62cf0 nmethod 8312 0x000001fa00e50010 code [0x000001fa00e501c0, 0x000001fa00e50380]
Event: 5.895 Thread 0x000001fa7dc5dd70 nmethod 8311 0x000001fa00e50410 code [0x000001fa00e505c0, 0x000001fa00e50828]
Event: 5.895 Thread 0x000001fa7dc62cf0 8314       3       sun.reflect.generics.visitor.Reifier::visitArrayTypeSignature (30 bytes)
Event: 5.895 Thread 0x000001fa7dc5dd70 8315       3       sun.reflect.generics.factory.CoreReflectionFactory::makeArrayType (24 bytes)
Event: 5.896 Thread 0x000001fa7db44fb0 nmethod 8313 0x000001fa00e50910 code [0x000001fa00e50b40, 0x000001fa00e513f8]
Event: 5.896 Thread 0x000001fa7dc5dd70 nmethod 8315 0x000001fa00e51710 code [0x000001fa00e51900, 0x000001fa00e51ee0]
Event: 5.896 Thread 0x000001fa7dc62cf0 nmethod 8314 0x000001fa00e52090 code [0x000001fa00e522a0, 0x000001fa00e52a98]
Event: 5.896 Thread 0x000001fa7f2f3310 nmethod 8310 0x000001fa00e52d10 code [0x000001fa00e531e0, 0x000001fa00e557c8]
Event: 5.897 Thread 0x000001fa7df4e9d0 nmethod 8279 0x000001fa08002c90 code [0x000001fa08003100, 0x000001fa08005ac8]
Event: 5.897 Thread 0x000001fa7df4e9d0 8281 %     4       groovy.lang.MetaClassImpl::inheritInterfaceNewMetaMethods @ 100 (195 bytes)
Event: 5.900 Thread 0x000001fa7db44fb0 8317       3       com.sun.beans.TypeResolver::fixGenericArray (43 bytes)
Event: 5.900 Thread 0x000001fa7db44fb0 nmethod 8317 0x000001fa00e56510 code [0x000001fa00e56720, 0x000001fa00e56e08]
Event: 5.914 Thread 0x000001fa7db44fb0 8320       3       org.gradle.internal.instantiation.generator.AbstractClassGenerator$ExtensibleTypePropertyHandler::applyTo (273 bytes)
Event: 5.915 Thread 0x000001fa7db44fb0 nmethod 8320 0x000001fa00e56f90 code [0x000001fa00e57320, 0x000001fa00e58a90]

GC Heap History (20 events):
Event: 0.684 GC heap before
{Heap before GC invocations=1 (full 0):
 garbage-first heap   total 524288K, used 44226K [0x00000006c0000000, 0x0000000800000000)
  region size 4096K, 11 young (45056K), 1 survivors (4096K)
 Metaspace       used 4488K, committed 4672K, reserved 1114112K
  class space    used 555K, committed 640K, reserved 1048576K
}
Event: 0.687 GC heap after
{Heap after GC invocations=2 (full 0):
 garbage-first heap   total 524288K, used 12179K [0x00000006c0000000, 0x0000000800000000)
  region size 4096K, 2 young (8192K), 2 survivors (8192K)
 Metaspace       used 4488K, committed 4672K, reserved 1114112K
  class space    used 555K, committed 640K, reserved 1048576K
}
Event: 1.094 GC heap before
{Heap before GC invocations=2 (full 0):
 garbage-first heap   total 524288K, used 61331K [0x00000006c0000000, 0x0000000800000000)
  region size 4096K, 14 young (57344K), 2 survivors (8192K)
 Metaspace       used 7276K, committed 7552K, reserved 1114112K
  class space    used 974K, committed 1088K, reserved 1048576K
}
Event: 1.098 GC heap after
{Heap after GC invocations=3 (full 0):
 garbage-first heap   total 524288K, used 18793K [0x00000006c0000000, 0x0000000800000000)
  region size 4096K, 2 young (8192K), 2 survivors (8192K)
 Metaspace       used 7276K, committed 7552K, reserved 1114112K
  class space    used 974K, committed 1088K, reserved 1048576K
}
Event: 2.071 GC heap before
{Heap before GC invocations=3 (full 0):
 garbage-first heap   total 524288K, used 104809K [0x00000006c0000000, 0x0000000800000000)
  region size 4096K, 24 young (98304K), 2 survivors (8192K)
 Metaspace       used 20840K, committed 21504K, reserved 1114112K
  class space    used 3044K, committed 3328K, reserved 1048576K
}
Event: 2.076 GC heap after
{Heap after GC invocations=4 (full 0):
 garbage-first heap   total 524288K, used 24427K [0x00000006c0000000, 0x0000000800000000)
  region size 4096K, 4 young (16384K), 4 survivors (16384K)
 Metaspace       used 20840K, committed 21504K, reserved 1114112K
  class space    used 3044K, committed 3328K, reserved 1048576K
}
Event: 2.709 GC heap before
{Heap before GC invocations=5 (full 0):
 garbage-first heap   total 98304K, used 94059K [0x00000006c0000000, 0x0000000800000000)
  region size 4096K, 21 young (86016K), 4 survivors (16384K)
 Metaspace       used 31523K, committed 32448K, reserved 1114112K
  class space    used 4426K, committed 4864K, reserved 1048576K
}
Event: 2.715 GC heap after
{Heap after GC invocations=6 (full 0):
 garbage-first heap   total 118784K, used 29984K [0x00000006c0000000, 0x0000000800000000)
  region size 4096K, 5 young (20480K), 5 survivors (20480K)
 Metaspace       used 31523K, committed 32448K, reserved 1114112K
  class space    used 4426K, committed 4864K, reserved 1048576K
}
Event: 3.058 GC heap before
{Heap before GC invocations=6 (full 0):
 garbage-first heap   total 118784K, used 70944K [0x00000006c0000000, 0x0000000800000000)
  region size 4096K, 17 young (69632K), 5 survivors (20480K)
 Metaspace       used 35048K, committed 36096K, reserved 1114112K
  class space    used 4915K, committed 5440K, reserved 1048576K
}
Event: 3.064 GC heap after
{Heap after GC invocations=7 (full 0):
 garbage-first heap   total 118784K, used 32924K [0x00000006c0000000, 0x0000000800000000)
  region size 4096K, 3 young (12288K), 3 survivors (12288K)
 Metaspace       used 35048K, committed 36096K, reserved 1114112K
  class space    used 4915K, committed 5440K, reserved 1048576K
}
Event: 3.501 GC heap before
{Heap before GC invocations=8 (full 0):
 garbage-first heap   total 118784K, used 90268K [0x00000006c0000000, 0x0000000800000000)
  region size 4096K, 17 young (69632K), 3 survivors (12288K)
 Metaspace       used 40305K, committed 41792K, reserved 1114112K
  class space    used 5767K, committed 6464K, reserved 1048576K
}
Event: 3.506 GC heap after
{Heap after GC invocations=9 (full 0):
 garbage-first heap   total 118784K, used 37036K [0x00000006c0000000, 0x0000000800000000)
  region size 4096K, 2 young (8192K), 2 survivors (8192K)
 Metaspace       used 40305K, committed 41792K, reserved 1114112K
  class space    used 5767K, committed 6464K, reserved 1048576K
}
Event: 4.218 GC heap before
{Heap before GC invocations=9 (full 0):
 garbage-first heap   total 118784K, used 98476K [0x00000006c0000000, 0x0000000800000000)
  region size 4096K, 17 young (69632K), 2 survivors (8192K)
 Metaspace       used 47353K, committed 49024K, reserved 1114112K
  class space    used 6945K, committed 7744K, reserved 1048576K
}
Event: 4.222 GC heap after
{Heap after GC invocations=10 (full 0):
 garbage-first heap   total 118784K, used 40441K [0x00000006c0000000, 0x0000000800000000)
  region size 4096K, 2 young (8192K), 2 survivors (8192K)
 Metaspace       used 47353K, committed 49024K, reserved 1114112K
  class space    used 6945K, committed 7744K, reserved 1048576K
}
Event: 4.619 GC heap before
{Heap before GC invocations=10 (full 0):
 garbage-first heap   total 118784K, used 97785K [0x00000006c0000000, 0x0000000800000000)
  region size 4096K, 16 young (65536K), 2 survivors (8192K)
 Metaspace       used 51578K, committed 53376K, reserved 1114112K
  class space    used 7388K, committed 8256K, reserved 1048576K
}
Event: 4.623 GC heap after
{Heap after GC invocations=11 (full 0):
 garbage-first heap   total 118784K, used 43401K [0x00000006c0000000, 0x0000000800000000)
  region size 4096K, 2 young (8192K), 2 survivors (8192K)
 Metaspace       used 51578K, committed 53376K, reserved 1114112K
  class space    used 7388K, committed 8256K, reserved 1048576K
}
Event: 5.301 GC heap before
{Heap before GC invocations=11 (full 0):
 garbage-first heap   total 118784K, used 67977K [0x00000006c0000000, 0x0000000800000000)
  region size 4096K, 10 young (40960K), 2 survivors (8192K)
 Metaspace       used 58548K, committed 60288K, reserved 1114112K
  class space    used 8204K, committed 9088K, reserved 1048576K
}
Event: 5.305 GC heap after
{Heap after GC invocations=12 (full 0):
 garbage-first heap   total 118784K, used 48282K [0x00000006c0000000, 0x0000000800000000)
  region size 4096K, 2 young (8192K), 2 survivors (8192K)
 Metaspace       used 58548K, committed 60288K, reserved 1114112K
  class space    used 8204K, committed 9088K, reserved 1048576K
}
Event: 5.756 GC heap before
{Heap before GC invocations=13 (full 0):
 garbage-first heap   total 118784K, used 101530K [0x00000006c0000000, 0x0000000800000000)
  region size 4096K, 15 young (61440K), 2 survivors (8192K)
 Metaspace       used 63300K, committed 65280K, reserved 1114112K
  class space    used 8960K, committed 9920K, reserved 1048576K
}
Event: 5.760 GC heap after
{Heap after GC invocations=14 (full 0):
 garbage-first heap   total 118784K, used 52843K [0x00000006c0000000, 0x0000000800000000)
  region size 4096K, 2 young (8192K), 2 survivors (8192K)
 Metaspace       used 63300K, committed 65280K, reserved 1114112K
  class space    used 8960K, committed 9920K, reserved 1048576K
}

Dll operation events (15 events):
Event: 0.004 Loaded shared library C:\Users\diego\.jdks\ms-21.0.9\bin\java.dll
Event: 0.026 Loaded shared library C:\Users\diego\.jdks\ms-21.0.9\bin\jsvml.dll
Event: 0.053 Loaded shared library C:\Users\diego\.jdks\ms-21.0.9\bin\zip.dll
Event: 0.055 Loaded shared library C:\Users\diego\.jdks\ms-21.0.9\bin\instrument.dll
Event: 0.058 Loaded shared library C:\Users\diego\.jdks\ms-21.0.9\bin\net.dll
Event: 0.059 Loaded shared library C:\Users\diego\.jdks\ms-21.0.9\bin\nio.dll
Event: 0.061 Loaded shared library C:\Users\diego\.jdks\ms-21.0.9\bin\zip.dll
Event: 0.211 Loaded shared library C:\Users\diego\.jdks\ms-21.0.9\bin\jimage.dll
Event: 0.291 Loaded shared library C:\Users\diego\.jdks\ms-21.0.9\bin\verify.dll
Event: 0.389 Loaded shared library C:\Users\diego\.gradle\native\1def1411415f61bf3af743bc5b6707747c0891f09f0c88961ee8f79bc544acac\windows-amd64\native-platform.dll
Event: 0.393 Loaded shared library C:\Users\diego\.gradle\native\0.2.6\x86_64-windows-gnu\gradle-fileevents.dll
Event: 1.037 Loaded shared library C:\Users\diego\.jdks\ms-21.0.9\bin\management.dll
Event: 1.039 Loaded shared library C:\Users\diego\.jdks\ms-21.0.9\bin\management_ext.dll
Event: 1.133 Loaded shared library C:\Users\diego\.jdks\ms-21.0.9\bin\extnet.dll
Event: 1.272 Loaded shared library C:\Users\diego\.jdks\ms-21.0.9\bin\sunmscapi.dll

Deoptimization events (20 events):
Event: 5.631 Thread 0x000001fa5428de10 Uncommon trap: trap_request=0xffffff45 fr.pc=0x000001fa07c67514 relative=0x0000000000000074
Event: 5.631 Thread 0x000001fa5428de10 Uncommon trap: reason=unstable_if action=reinterpret pc=0x000001fa07c67514 method=java.lang.ref.ReferenceQueue.poll()Ljava/lang/ref/Reference; @ 4 c2
Event: 5.631 Thread 0x000001fa5428de10 DEOPT PACKING pc=0x000001fa07c67514 sp=0x0000002f981f7d80
Event: 5.631 Thread 0x000001fa5428de10 DEOPT UNPACKING pc=0x000001fa074a4422 sp=0x0000002f981f7d08 mode 2
Event: 5.637 Thread 0x000001fa5428de10 Uncommon trap: trap_request=0xffffff45 fr.pc=0x000001fa07e7c334 relative=0x0000000000002774
Event: 5.637 Thread 0x000001fa5428de10 Uncommon trap: reason=unstable_if action=reinterpret pc=0x000001fa07e7c334 method=java.util.regex.Pattern.compile()V @ 443 c2
Event: 5.637 Thread 0x000001fa5428de10 DEOPT PACKING pc=0x000001fa07e7c334 sp=0x0000002f981f7f20
Event: 5.637 Thread 0x000001fa5428de10 DEOPT UNPACKING pc=0x000001fa074a4422 sp=0x0000002f981f7f08 mode 2
Event: 5.743 Thread 0x000001fa5428de10 Uncommon trap: trap_request=0xffffff45 fr.pc=0x000001fa07ea5114 relative=0x0000000000000074
Event: 5.743 Thread 0x000001fa5428de10 Uncommon trap: reason=unstable_if action=reinterpret pc=0x000001fa07ea5114 method=java.lang.Class.getComponentType()Ljava/lang/Class; @ 4 c2
Event: 5.743 Thread 0x000001fa5428de10 DEOPT PACKING pc=0x000001fa07ea5114 sp=0x0000002f981f95d0
Event: 5.743 Thread 0x000001fa5428de10 DEOPT UNPACKING pc=0x000001fa074a4422 sp=0x0000002f981f9560 mode 2
Event: 5.770 Thread 0x000001fa5428de10 Uncommon trap: trap_request=0xffffff54 fr.pc=0x000001fa07d797c0 relative=0x00000000000000a0
Event: 5.771 Thread 0x000001fa5428de10 Uncommon trap: reason=speculate_null_assert action=make_not_entrant pc=0x000001fa07d797c0 method=java.lang.invoke.LambdaFormEditor.getInCache(Ljava/lang/invoke/LambdaFormEditor$TransformKey;)Ljava/lang/invoke/LambdaForm; @ 37 c2
Event: 5.771 Thread 0x000001fa5428de10 DEOPT PACKING pc=0x000001fa07d797c0 sp=0x0000002f981f6b50
Event: 5.771 Thread 0x000001fa5428de10 DEOPT UNPACKING pc=0x000001fa074a4422 sp=0x0000002f981f6ab0 mode 2
Event: 5.820 Thread 0x000001fa5428de10 Uncommon trap: trap_request=0xffffff45 fr.pc=0x000001fa07d18b58 relative=0x0000000000000138
Event: 5.820 Thread 0x000001fa5428de10 Uncommon trap: reason=unstable_if action=reinterpret pc=0x000001fa07d18b58 method=jdk.internal.org.objectweb.asm.ByteVector.putInt(I)Ljdk/internal/org/objectweb/asm/ByteVector; @ 13 c2
Event: 5.820 Thread 0x000001fa5428de10 DEOPT PACKING pc=0x000001fa07d18b58 sp=0x0000002f981f6080
Event: 5.820 Thread 0x000001fa5428de10 DEOPT UNPACKING pc=0x000001fa074a4422 sp=0x0000002f981f6018 mode 2

Classes loaded (20 events):
Event: 5.741 Loading class java/io/OutputStreamCustomizer
Event: 5.741 Loading class java/io/OutputStreamCustomizer done
Event: 5.742 Loading class java/io/FilterOutputStreamCustomizer
Event: 5.742 Loading class java/io/FilterOutputStreamCustomizer done
Event: 5.742 Loading class java/io/FilterOutputStreamCustomizer
Event: 5.742 Loading class java/io/FilterOutputStreamCustomizer done
Event: 5.742 Loading class java/io/PrintStreamCustomizer
Event: 5.742 Loading class java/io/PrintStreamCustomizer done
Event: 5.742 Loading class java/io/PrintStreamCustomizer
Event: 5.742 Loading class java/io/PrintStreamCustomizer done
Event: 5.780 Loading class java/io/SerializableBeanInfo
Event: 5.780 Loading class java/io/SerializableBeanInfo done
Event: 5.780 Loading class java/io/SerializableBeanInfo
Event: 5.780 Loading class java/io/SerializableBeanInfo done
Event: 5.780 Loading class java/io/SerializableCustomizer
Event: 5.780 Loading class java/io/SerializableCustomizer done
Event: 5.780 Loading class java/io/SerializableCustomizer
Event: 5.780 Loading class java/io/SerializableCustomizer done
Event: 5.861 Loading class sun/reflect/generics/tree/LongSignature
Event: 5.861 Loading class sun/reflect/generics/tree/LongSignature done

Classes unloaded (0 events):
No events

Classes redefined (0 events):
No events

Internal exceptions (20 events):
Event: 5.856 Thread 0x000001fa5428de10 Exception <a 'java/lang/ClassNotFoundException'{0x00000006d93cb720}: org/gradle/api/internal/tasks/DefaultTaskContainer_DecoratedBeanInfo> (0x00000006d93cb720) 
thrown [s\src\hotspot\share\classfile\systemDictionary.cpp, line 312]
Event: 5.857 Thread 0x000001fa5428de10 Exception <a 'java/lang/ClassNotFoundException'{0x00000006d93dd518}: org/gradle/api/internal/tasks/DefaultTaskContainerBeanInfo> (0x00000006d93dd518) 
thrown [s\src\hotspot\share\classfile\systemDictionary.cpp, line 312]
Event: 5.857 Thread 0x000001fa5428de10 Exception <a 'java/lang/ClassNotFoundException'{0x00000006d93ef338}: org/gradle/api/internal/tasks/DefaultTaskCollectionBeanInfo> (0x00000006d93ef338) 
thrown [s\src\hotspot\share\classfile\systemDictionary.cpp, line 312]
Event: 5.857 Thread 0x000001fa5428de10 Exception <a 'java/lang/ClassNotFoundException'{0x00000006c5c01658}: org/gradle/api/internal/tasks/DefaultTaskCollectionCustomizer> (0x00000006c5c01658) 
thrown [s\src\hotspot\share\classfile\systemDictionary.cpp, line 312]
Event: 5.860 Thread 0x000001fa5428de10 Exception <a 'java/lang/ClassNotFoundException'{0x00000006c5cb40e0}: org/gradle/api/internal/tasks/DefaultTaskContainerCustomizer> (0x00000006c5cb40e0) 
thrown [s\src\hotspot\share\classfile\systemDictionary.cpp, line 312]
Event: 5.864 Thread 0x000001fa5428de10 Exception <a 'java/lang/ClassNotFoundException'{0x00000006c5e8b020}: org/gradle/api/internal/tasks/DefaultTaskContainer_DecoratedCustomizer> (0x00000006c5e8b020) 
thrown [s\src\hotspot\share\classfile\systemDictionary.cpp, line 312]
Event: 5.881 Thread 0x000001fa5428de10 Exception <a 'java/lang/ClassNotFoundException'{0x00000006c5fc3418}: org/gradle/api/publish/internal/DefaultPublishingExtension_DecoratedBeanInfo> (0x00000006c5fc3418) 
thrown [s\src\hotspot\share\classfile\systemDictionary.cpp, line 312]
Event: 5.882 Thread 0x000001fa5428de10 Exception <a 'java/lang/ClassNotFoundException'{0x00000006c5fda778}: org/gradle/api/publish/internal/DefaultPublishingExtensionBeanInfo> (0x00000006c5fda778) 
thrown [s\src\hotspot\share\classfile\systemDictionary.cpp, line 312]
Event: 5.882 Thread 0x000001fa5428de10 Exception <a 'java/lang/ClassNotFoundException'{0x00000006c5ff0f60}: org/gradle/api/publish/internal/DefaultPublishingExtensionCustomizer> (0x00000006c5ff0f60) 
thrown [s\src\hotspot\share\classfile\systemDictionary.cpp, line 312]
Event: 5.883 Thread 0x000001fa5428de10 Exception <a 'java/lang/ClassNotFoundException'{0x00000006c580dd08}: org/gradle/api/publish/internal/DefaultPublishingExtension_DecoratedCustomizer> (0x00000006c580dd08) 
thrown [s\src\hotspot\share\classfile\systemDictionary.cpp, line 312]
Event: 5.885 Thread 0x000001fa5428de10 Exception <a 'java/lang/ClassNotFoundException'{0x00000006c584d7b8}: org/gradle/api/internal/PolymorphicDomainObjectContainerConfigureDelegateBeanInfo> (0x00000006c584d7b8) 
thrown [s\src\hotspot\share\classfile\systemDictionary.cpp, line 312]
Event: 5.885 Thread 0x000001fa5428de10 Exception <a 'java/lang/ClassNotFoundException'{0x00000006c58622a0}: org/gradle/api/internal/PolymorphicDomainObjectContainerConfigureDelegateCustomizer> (0x00000006c58622a0) 
thrown [s\src\hotspot\share\classfile\systemDictionary.cpp, line 312]
Event: 5.892 Thread 0x000001fa5428de10 Exception <a 'java/lang/ClassNotFoundException'{0x00000006c5b477e8}: org/gradle/api/publish/internal/DefaultPublicationContainer_DecoratedBeanInfo> (0x00000006c5b477e8) 
thrown [s\src\hotspot\share\classfile\systemDictionary.cpp, line 312]
Event: 5.892 Thread 0x000001fa5428de10 Exception <a 'java/lang/ClassNotFoundException'{0x00000006c5b605a8}: org/gradle/api/publish/internal/DefaultPublicationContainerBeanInfo> (0x00000006c5b605a8) 
thrown [s\src\hotspot\share\classfile\systemDictionary.cpp, line 312]
Event: 5.893 Thread 0x000001fa5428de10 Exception <a 'java/lang/ClassNotFoundException'{0x00000006c5b770a0}: org/gradle/api/internal/DefaultPolymorphicDomainObjectContainerBeanInfo> (0x00000006c5b770a0) 
thrown [s\src\hotspot\share\classfile\systemDictionary.cpp, line 312]
Event: 5.893 Thread 0x000001fa5428de10 Exception <a 'java/lang/ClassNotFoundException'{0x00000006c5b8ddf8}: org/gradle/api/internal/AbstractPolymorphicDomainObjectContainerBeanInfo> (0x00000006c5b8ddf8) 
thrown [s\src\hotspot\share\classfile\systemDictionary.cpp, line 312]
Event: 5.894 Thread 0x000001fa5428de10 Exception <a 'java/lang/ClassNotFoundException'{0x00000006c5ba4918}: org/gradle/api/internal/AbstractPolymorphicDomainObjectContainerCustomizer> (0x00000006c5ba4918) 
thrown [s\src\hotspot\share\classfile\systemDictionary.cpp, line 312]
Event: 5.896 Thread 0x000001fa5428de10 Exception <a 'java/lang/ClassNotFoundException'{0x00000006c544d8e0}: org/gradle/api/internal/DefaultPolymorphicDomainObjectContainerCustomizer> (0x00000006c544d8e0) 
thrown [s\src\hotspot\share\classfile\systemDictionary.cpp, line 312]
Event: 5.899 Thread 0x000001fa5428de10 Exception <a 'java/lang/ClassNotFoundException'{0x00000006c54f9878}: org/gradle/api/publish/internal/DefaultPublicationContainerCustomizer> (0x00000006c54f9878) 
thrown [s\src\hotspot\share\classfile\systemDictionary.cpp, line 312]
Event: 5.901 Thread 0x000001fa5428de10 Exception <a 'java/lang/ClassNotFoundException'{0x00000006c55a6858}: org/gradle/api/publish/internal/DefaultPublicationContainer_DecoratedCustomizer> (0x00000006c55a6858) 
thrown [s\src\hotspot\share\classfile\systemDictionary.cpp, line 312]

ZGC Phase Switch (0 events):
No events

VM Operations (20 events):
Event: 5.261 Executing VM operation: ICBufferFull
Event: 5.261 Executing VM operation: ICBufferFull done
Event: 5.301 Executing VM operation: CollectForMetadataAllocation (Metadata GC Threshold)
Event: 5.305 Executing VM operation: CollectForMetadataAllocation (Metadata GC Threshold) done
Event: 5.324 Executing VM operation: G1PauseRemark
Event: 5.327 Executing VM operation: G1PauseRemark done
Event: 5.333 Executing VM operation: G1PauseCleanup
Event: 5.333 Executing VM operation: G1PauseCleanup done
Event: 5.426 Executing VM operation: HandshakeAllThreads (Deoptimize)
Event: 5.426 Executing VM operation: HandshakeAllThreads (Deoptimize) done
Event: 5.614 Executing VM operation: HandshakeAllThreads (Deoptimize)
Event: 5.614 Executing VM operation: HandshakeAllThreads (Deoptimize) done
Event: 5.681 Executing VM operation: ICBufferFull
Event: 5.681 Executing VM operation: ICBufferFull done
Event: 5.738 Executing VM operation: HandshakeAllThreads (Deoptimize)
Event: 5.738 Executing VM operation: HandshakeAllThreads (Deoptimize) done
Event: 5.745 Executing VM operation: HandshakeAllThreads (Deoptimize)
Event: 5.745 Executing VM operation: HandshakeAllThreads (Deoptimize) done
Event: 5.756 Executing VM operation: G1CollectForAllocation (G1 Evacuation Pause)
Event: 5.760 Executing VM operation: G1CollectForAllocation (G1 Evacuation Pause) done

Memory protections (0 events):
No events

Nmethod flushes (20 events):
Event: 5.326 Thread 0x000001fa7db19c10 flushing  nmethod 0x000001fa00400910
Event: 5.326 Thread 0x000001fa7db19c10 flushing  nmethod 0x000001fa00401010
Event: 5.326 Thread 0x000001fa7db19c10 flushing  nmethod 0x000001fa00402210
Event: 5.326 Thread 0x000001fa7db19c10 flushing  nmethod 0x000001fa00492310
Event: 5.326 Thread 0x000001fa7db19c10 flushing  nmethod 0x000001fa00636b10
Event: 5.326 Thread 0x000001fa7db19c10 flushing  nmethod 0x000001fa0063d590
Event: 5.326 Thread 0x000001fa7db19c10 flushing  nmethod 0x000001fa0063de10
Event: 5.326 Thread 0x000001fa7db19c10 flushing  nmethod 0x000001fa00058110
Event: 5.326 Thread 0x000001fa7db19c10 flushing  nmethod 0x000001fa00195490
Event: 5.326 Thread 0x000001fa7db19c10 flushing  nmethod 0x000001fa00195890
Event: 5.326 Thread 0x000001fa7db19c10 flushing  nmethod 0x000001fa00195d10
Event: 5.326 Thread 0x000001fa7db19c10 flushing  nmethod 0x000001fa00196790
Event: 5.326 Thread 0x000001fa7db19c10 flushing  nmethod 0x000001fa00278390
Event: 5.326 Thread 0x000001fa7db19c10 flushing  nmethod 0x000001fa00278990
Event: 5.326 Thread 0x000001fa7db19c10 flushing  nmethod 0x000001fa0031bc90
Event: 5.326 Thread 0x000001fa7db19c10 flushing  nmethod 0x000001fa003e7c90
Event: 5.326 Thread 0x000001fa7db19c10 flushing  nmethod 0x000001fa003e9b10
Event: 5.326 Thread 0x000001fa7db19c10 flushing  nmethod 0x000001fa0052c390
Event: 5.326 Thread 0x000001fa7db19c10 flushing  nmethod 0x000001fa00803090
Event: 5.326 Thread 0x000001fa7db19c10 flushing  nmethod 0x000001fa00804f10

Events (20 events):
Event: 4.470 Thread 0x000001fa5428de10 Thread added: 0x000001fa58bdd060
Event: 4.470 Thread 0x000001fa5428de10 Thread added: 0x000001fa58bdfe50
Event: 4.471 Thread 0x000001fa5428de10 Thread added: 0x000001fa58be32d0
Event: 4.471 Thread 0x000001fa5428de10 Thread added: 0x000001fa58be3960
Event: 4.471 Thread 0x000001fa5428de10 Thread added: 0x000001fa58be2c40
Event: 4.472 Thread 0x000001fa5428de10 Thread added: 0x000001fa58bdeaa0
Event: 4.472 Thread 0x000001fa5428de10 Thread added: 0x000001fa58be1890
Event: 4.940 Thread 0x000001fa5428de10 Thread added: 0x000001fa58be3ff0
Event: 4.940 Thread 0x000001fa58be3ff0 Thread exited: 0x000001fa58be3ff0
Event: 5.069 Thread 0x000001fa5428de10 Thread added: 0x000001fa58bde410
Event: 5.143 Thread 0x000001fa5428de10 Thread added: 0x000001fa58bdd6f0
Event: 5.143 Thread 0x000001fa58bdd6f0 Thread exited: 0x000001fa58bdd6f0
Event: 5.255 Thread 0x000001fa55679850 Thread exited: 0x000001fa55679850
Event: 5.258 Thread 0x000001fa593c9c40 Thread exited: 0x000001fa593c9c40
Event: 5.262 Thread 0x000001fa5514a600 Thread exited: 0x000001fa5514a600
Event: 5.262 Thread 0x000001fa7ddf31f0 Thread exited: 0x000001fa7ddf31f0
Event: 5.463 Thread 0x000001fa5428de10 Thread added: 0x000001fa58be4680
Event: 5.707 Thread 0x000001fa5428de10 Thread added: 0x000001fa58be0b70
Event: 5.787 Thread 0x000001fa7dc5dd70 Thread added: 0x000001fa58ef9210
Event: 5.804 Thread 0x000001fa7f2f3310 Thread added: 0x000001fa58efb420


Dynamic libraries:
0x00007ff6a0330000 - 0x00007ff6a033e000 	C:\Users\diego\.jdks\ms-21.0.9\bin\java.exe
0x00007ffe3ec30000 - 0x00007ffe3ee28000 	C:\WINDOWS\SYSTEM32\ntdll.dll
0x00007ffe3d220000 - 0x00007ffe3d2e2000 	C:\WINDOWS\System32\KERNEL32.DLL
0x00007ffe3c470000 - 0x00007ffe3c766000 	C:\WINDOWS\System32\KERNELBASE.dll
0x00007ffe3ca30000 - 0x00007ffe3cb30000 	C:\WINDOWS\System32\ucrtbase.dll
0x00007ffe172a0000 - 0x00007ffe172b8000 	C:\Users\diego\.jdks\ms-21.0.9\bin\jli.dll
0x00007ffe17530000 - 0x00007ffe1754e000 	C:\Users\diego\.jdks\ms-21.0.9\bin\VCRUNTIME140.dll
0x00007ffe3d4b0000 - 0x00007ffe3d651000 	C:\WINDOWS\System32\USER32.dll
0x00007ffe3c390000 - 0x00007ffe3c3b2000 	C:\WINDOWS\System32\win32u.dll
0x00007ffe30b80000 - 0x00007ffe30e1b000 	C:\WINDOWS\WinSxS\amd64_microsoft.windows.common-controls_6595b64144ccf1df_6.0.19041.6456_none_60b8a6cb71f64256\COMCTL32.dll
0x00007ffe3dc10000 - 0x00007ffe3dc3b000 	C:\WINDOWS\System32\GDI32.dll
0x00007ffe3e4b0000 - 0x00007ffe3e54e000 	C:\WINDOWS\System32\msvcrt.dll
0x00007ffe3cb30000 - 0x00007ffe3cc49000 	C:\WINDOWS\System32\gdi32full.dll
0x00007ffe3c2c0000 - 0x00007ffe3c35d000 	C:\WINDOWS\System32\msvcp_win.dll
0x00007ffe3eb00000 - 0x00007ffe3eb2f000 	C:\WINDOWS\System32\IMM32.DLL
0x00007ffe1aae0000 - 0x00007ffe1aaec000 	C:\Users\diego\.jdks\ms-21.0.9\bin\vcruntime140_1.dll
0x00007ffe06360000 - 0x00007ffe063e9000 	C:\Users\diego\.jdks\ms-21.0.9\bin\msvcp140.dll
0x00007ffdd1410000 - 0x00007ffdd21bd000 	C:\Users\diego\.jdks\ms-21.0.9\bin\server\jvm.dll
0x00007ffe3d740000 - 0x00007ffe3d7f1000 	C:\WINDOWS\System32\ADVAPI32.dll
0x00007ffe3d410000 - 0x00007ffe3d4af000 	C:\WINDOWS\System32\sechost.dll
0x00007ffe3d800000 - 0x00007ffe3d920000 	C:\WINDOWS\System32\RPCRT4.dll
0x00007ffe3c360000 - 0x00007ffe3c387000 	C:\WINDOWS\System32\bcrypt.dll
0x00007ffe3dca0000 - 0x00007ffe3dd0b000 	C:\WINDOWS\System32\WS2_32.dll
0x00007ffe3b850000 - 0x00007ffe3b89b000 	C:\WINDOWS\SYSTEM32\POWRPROF.dll
0x00007ffe382b0000 - 0x00007ffe382ba000 	C:\WINDOWS\SYSTEM32\VERSION.dll
0x00007ffe346d0000 - 0x00007ffe346f7000 	C:\WINDOWS\SYSTEM32\WINMM.dll
0x00007ffe3b6c0000 - 0x00007ffe3b6d2000 	C:\WINDOWS\SYSTEM32\UMPDC.dll
0x00007ffe3a150000 - 0x00007ffe3a162000 	C:\WINDOWS\SYSTEM32\kernel.appcore.dll
0x00007ffe1a950000 - 0x00007ffe1a95a000 	C:\Users\diego\.jdks\ms-21.0.9\bin\jimage.dll
0x00007ffe31800000 - 0x00007ffe31a01000 	C:\WINDOWS\SYSTEM32\DBGHELP.DLL
0x00007ffe141c0000 - 0x00007ffe141f4000 	C:\WINDOWS\SYSTEM32\dbgcore.DLL
0x00007ffe3c8d0000 - 0x00007ffe3c952000 	C:\WINDOWS\System32\bcryptPrimitives.dll
0x00007ffe1a6b0000 - 0x00007ffe1a6c0000 	C:\Users\diego\.jdks\ms-21.0.9\bin\instrument.dll
0x00007ffe16e00000 - 0x00007ffe16e21000 	C:\Users\diego\.jdks\ms-21.0.9\bin\java.dll
0x00007ffe3dd20000 - 0x00007ffe3e490000 	C:\WINDOWS\System32\SHELL32.dll
0x00007ffe3a350000 - 0x00007ffe3aaf5000 	C:\WINDOWS\SYSTEM32\windows.storage.dll
0x00007ffe3cc50000 - 0x00007ffe3cfa4000 	C:\WINDOWS\System32\combase.dll
0x00007ffe3bcf0000 - 0x00007ffe3bd1b000 	C:\WINDOWS\SYSTEM32\Wldp.dll
0x00007ffe3cfb0000 - 0x00007ffe3d07d000 	C:\WINDOWS\System32\OLEAUT32.dll
0x00007ffe3e5d0000 - 0x00007ffe3e67d000 	C:\WINDOWS\System32\SHCORE.dll
0x00007ffe3eb90000 - 0x00007ffe3ebeb000 	C:\WINDOWS\System32\shlwapi.dll
0x00007ffe3c1f0000 - 0x00007ffe3c214000 	C:\WINDOWS\SYSTEM32\profapi.dll
0x00007ffdfd680000 - 0x00007ffdfd756000 	C:\Users\diego\.jdks\ms-21.0.9\bin\jsvml.dll
0x00007ffe16d30000 - 0x00007ffe16d48000 	C:\Users\diego\.jdks\ms-21.0.9\bin\zip.dll
0x00007ffe16d10000 - 0x00007ffe16d21000 	C:\Users\diego\.jdks\ms-21.0.9\bin\net.dll
0x00007ffe35ea0000 - 0x00007ffe35faa000 	C:\WINDOWS\SYSTEM32\WINHTTP.dll
0x00007ffe3ba50000 - 0x00007ffe3baba000 	C:\WINDOWS\system32\mswsock.dll
0x00007ffe16c20000 - 0x00007ffe16c36000 	C:\Users\diego\.jdks\ms-21.0.9\bin\nio.dll
0x00007ffe18550000 - 0x00007ffe18560000 	C:\Users\diego\.jdks\ms-21.0.9\bin\verify.dll
0x00007ffe1fa00000 - 0x00007ffe1fa27000 	C:\Users\diego\.gradle\native\1def1411415f61bf3af743bc5b6707747c0891f09f0c88961ee8f79bc544acac\windows-amd64\native-platform.dll
0x00007ffe0d720000 - 0x00007ffe0d798000 	C:\Users\diego\.gradle\native\0.2.6\x86_64-windows-gnu\gradle-fileevents.dll
0x00007ffe180b0000 - 0x00007ffe180ba000 	C:\Users\diego\.jdks\ms-21.0.9\bin\management.dll
0x00007ffe17fb0000 - 0x00007ffe17fbc000 	C:\Users\diego\.jdks\ms-21.0.9\bin\management_ext.dll
0x00007ffe3eaf0000 - 0x00007ffe3eaf8000 	C:\WINDOWS\System32\PSAPI.DLL
0x00007ffe3b6e0000 - 0x00007ffe3b71b000 	C:\WINDOWS\SYSTEM32\IPHLPAPI.DLL
0x00007ffe3dd10000 - 0x00007ffe3dd18000 	C:\WINDOWS\System32\NSI.dll
0x00007ffe16c10000 - 0x00007ffe16c19000 	C:\Users\diego\.jdks\ms-21.0.9\bin\extnet.dll
0x00007ffe3bc50000 - 0x00007ffe3bc68000 	C:\WINDOWS\SYSTEM32\CRYPTSP.dll
0x00007ffe3b300000 - 0x00007ffe3b338000 	C:\WINDOWS\system32\rsaenh.dll
0x00007ffe3c170000 - 0x00007ffe3c19e000 	C:\WINDOWS\SYSTEM32\USERENV.dll
0x00007ffe3bc40000 - 0x00007ffe3bc4c000 	C:\WINDOWS\SYSTEM32\CRYPTBASE.dll
0x00007ffe16c00000 - 0x00007ffe16c0e000 	C:\Users\diego\.jdks\ms-21.0.9\bin\sunmscapi.dll
0x00007ffe3c770000 - 0x00007ffe3c8cd000 	C:\WINDOWS\System32\CRYPT32.dll
0x00007ffe3bd60000 - 0x00007ffe3bd87000 	C:\WINDOWS\SYSTEM32\ncrypt.dll
0x00007ffe3bd20000 - 0x00007ffe3bd5b000 	C:\WINDOWS\SYSTEM32\NTASN1.dll
0x00007ffdb5540000 - 0x00007ffdb5547000 	C:\WINDOWS\system32\wshunix.dll
0x00007ffe3b720000 - 0x00007ffe3b7ea000 	C:\WINDOWS\SYSTEM32\DNSAPI.dll
0x00007ffe34be0000 - 0x00007ffe34bea000 	C:\Windows\System32\rasadhlp.dll
0x00007ffe34720000 - 0x00007ffe347a0000 	C:\WINDOWS\System32\fwpuclnt.dll

JVMTI agents:
C:\Users\diego\.gradle\wrapper\dists\gradle-8.12.1-bin\eumc4uhoysa37zql93vfjkxy0\gradle-8.12.1\lib\agents\gradle-instrumentation-agent-8.12.1.jar path:C:\Users\diego\.jdks\ms-21.0.9\bin\instrument.dll, loaded, initialized, instrumentlib options:none

dbghelp: loaded successfully - version: 4.0.5 - missing functions: none
symbol engine: initialized successfully - sym options: 0x614 - pdb path: .;C:\Users\diego\.jdks\ms-21.0.9\bin;C:\WINDOWS\SYSTEM32;C:\WINDOWS\WinSxS\amd64_microsoft.windows.common-controls_6595b64144ccf1df_6.0.19041.6456_none_60b8a6cb71f64256;C:\Users\diego\.jdks\ms-21.0.9\bin\server;C:\Users\diego\.gradle\native\1def1411415f61bf3af743bc5b6707747c0891f09f0c88961ee8f79bc544acac\windows-amd64;C:\Users\diego\.gradle\native\0.2.6\x86_64-windows-gnu

VM Arguments:
jvm_args: --add-opens=java.base/java.lang=ALL-UNNAMED --add-opens=java.base/java.lang.invoke=ALL-UNNAMED --add-opens=java.base/java.util=ALL-UNNAMED --add-opens=java.prefs/java.util.prefs=ALL-UNNAMED --add-exports=jdk.compiler/com.sun.tools.javac.api=ALL-UNNAMED --add-exports=jdk.compiler/com.sun.tools.javac.util=ALL-UNNAMED --add-opens=java.base/java.util=ALL-UNNAMED --add-opens=java.prefs/java.util.prefs=ALL-UNNAMED --add-opens=java.base/java.nio.charset=ALL-UNNAMED --add-opens=java.base/java.net=ALL-UNNAMED --add-opens=java.base/java.util.concurrent.atomic=ALL-UNNAMED --add-opens=java.xml/javax.xml.namespace=ALL-UNNAMED -Xmx5G -Dfile.encoding=windows-1252 -Duser.country=CH -Duser.language=de -Duser.variant -javaagent:C:\Users\diego\.gradle\wrapper\dists\gradle-8.12.1-bin\eumc4uhoysa37zql93vfjkxy0\gradle-8.12.1\lib\agents\gradle-instrumentation-agent-8.12.1.jar 
java_command: org.gradle.launcher.daemon.bootstrap.GradleDaemon 8.12.1
java_class_path (initial): C:\Users\diego\.gradle\wrapper\dists\gradle-8.12.1-bin\eumc4uhoysa37zql93vfjkxy0\gradle-8.12.1\lib\gradle-daemon-main-8.12.1.jar
Launcher Type: SUN_STANDARD

[Global flags]
     intx CICompilerCount                          = 12                                        {product} {ergonomic}
     uint ConcGCThreads                            = 3                                         {product} {ergonomic}
     uint G1ConcRefinementThreads                  = 13                                        {product} {ergonomic}
   size_t G1HeapRegionSize                         = 4194304                                   {product} {ergonomic}
    uintx GCDrainStackTargetSize                   = 64                                        {product} {ergonomic}
   size_t InitialHeapSize                          = 536870912                                 {product} {ergonomic}
   size_t MarkStackSize                            = 4194304                                   {product} {ergonomic}
   size_t MaxHeapSize                              = 5368709120                                {product} {command line}
   size_t MaxNewSize                               = 3221225472                                {product} {ergonomic}
   size_t MinHeapDeltaBytes                        = 4194304                                   {product} {ergonomic}
   size_t MinHeapSize                              = 8388608                                   {product} {ergonomic}
    uintx NonNMethodCodeHeapSize                   = 7602480                                {pd product} {ergonomic}
    uintx NonProfiledCodeHeapSize                  = 122027880                              {pd product} {ergonomic}
    uintx ProfiledCodeHeapSize                     = 122027880                              {pd product} {ergonomic}
    uintx ReservedCodeCacheSize                    = 251658240                              {pd product} {ergonomic}
     bool SegmentedCodeCache                       = true                                      {product} {ergonomic}
   size_t SoftMaxHeapSize                          = 5368709120                             {manageable} {ergonomic}
     bool UseCompressedOops                        = true                           {product lp64_product} {ergonomic}
     bool UseG1GC                                  = true                                      {product} {ergonomic}
     bool UseLargePagesIndividualAllocation        = false                                  {pd product} {ergonomic}

Logging:
Log output configuration:
 #0: stdout all=warning uptime,level,tags foldmultilines=false
 #1: stderr all=off uptime,level,tags foldmultilines=false

Release file:
IMPLEMENTOR="Microsoft" 
IMPLEMENTOR_VERSION="Microsoft-12574459" 
JAVA_RUNTIME_VERSION="21.0.9+10-LTS" 
JAVA_VERSION="21.0.9" 
JAVA_VERSION_DATE="2025-10-21" 
LIBC="default" 
MODULES="java.base java.compiler java.datatransfer java.xml java.prefs java.desktop java.instrument java.logging java.management java.security.sasl java.naming java.rmi java.management.rmi java.net.http java.scripting java.security.jgss java.transaction.xa java.sql java.sql.rowset java.xml.crypto java.se java.smartcardio jdk.accessibility jdk.internal.jvmstat jdk.attach jdk.charsets jdk.internal.opt jdk.zipfs jdk.compiler jdk.crypto.ec jdk.crypto.cryptoki jdk.crypto.mscapi jdk.dynalink jdk.internal.ed jdk.editpad jdk.hotspot.agent jdk.httpserver jdk.incubator.vector jdk.internal.le jdk.internal.vm.ci jdk.internal.vm.compiler jdk.internal.vm.compiler.management jdk.jartool jdk.javadoc jdk.jcmd jdk.management jdk.management.agent jdk.jconsole jdk.jdeps jdk.jdwp.agent jdk.jdi jdk.jfr jdk.jlink jdk.jpackage jdk.jshell jdk.jsobject jdk.jstatd jdk.localedata jdk.management.jfr jdk.naming.dns jdk.naming.rmi jdk.net jdk.nio.mapmode jdk.random jdk.sctp jdk.security.auth jdk.security.jgss jdk.unsupported jdk.unsupported.desktop jdk.xml.dom" 
OS_ARCH="x86_64" 
OS_NAME="Windows" 
SOURCE=".:git:e0bc49609000" 

Environment Variables:
JAVA_HOME=C:\Program Files\Eclipse Adoptium\jdk-17.0.17.10-hotspot\
CLASSPATH=E:\repos\EMVS1_und_2_Projekt\\gradle\wrapper\gradle-wrapper.jar
PATH=C:\Program Files\Eclipse Adoptium\jdk-17.0.17.10-hotspot\bin;C:\Program Files (x86)\Razer\ChromaBroadcast\bin;C:\Program Files\Razer\ChromaBroadcast\bin;C:\Program Files (x86)\Razer Chroma SDK\bin;C:\Program Files\Razer Chroma SDK\bin;C:\Program Files (x86)\Intel\iCLS Client\;C:\Program Files\Intel\iCLS Client\;C:\Windows\system32;C:\Windows;C:\Windows\System32\Wbem;C:\Windows\System32\WindowsPowerShell\v1.0\;C:\Program Files (x86)\Intel\Intel(R) Management Engine Components\DAL;C:\Program Files\Intel\Intel(R) Management Engine Components\DAL;C:\Program Files (x86)\Intel\Intel(R) Management Engine Components\IPT;C:\Program Files\Intel\Intel(R) Management Engine Components\IPT;C:\Windows\system32\config\systemprofile\AppData\Local\Microsoft\WindowsApps;C:\WINDOWS\system32;C:\WINDOWS;C:\WINDOWS\System32\Wbem;C:\WINDOWS\System32\WindowsPowerShell\v1.0\;C:\Program Files (x86)\GtkSharp\2.12\bin;C:\WINDOWS\System32\OpenSSH\;C:\WINDOWS\system32;C:\WINDOWS;C:\WINDOWS\System32\Wbem;C:\WINDOWS\System32\WindowsPowerShell\v1.0\;C:\WINDOWS\System32\OpenSSH\;C:\Users\diego\AppData\Local\Microsoft\WindowsApps;C:\Program Files (x86)\FAHClient;C:\Program Files\dotnet\;C:\Program Files (x86)\PDFtk\bin\;C:\Program Files\WireGuard\;C:\Program Files\Git\cmd;C:\Program Files (x86)\NVIDIA Corporation\PhysX\Common;C:\Program Files\Eclipse Adoptium\jdk-17.0.17.10-hotspot\\bin;C:\Users\diego\AppData\Local\Microsoft\WindowsApps;C:\Program Files (x86)\FAHClient;C:\Users\diego\AppData\Local\Programs\Microsoft VS Code\bin;C:\Users\diego\AppData\Local\GitHubDesktop\bin;c:\Users\diego\.vscode\extensions\vscjava.vscode-java-debug-0.58.5\bundled\scripts\noConfigScripts
USERNAME=diego
LANG=en_US.UTF-8
OS=Windows_NT
PROCESSOR_IDENTIFIER=Intel64 Family 6 Model 158 Stepping 13, GenuineIntel
TMP=C:\Users\diego\AppData\Local\Temp
TEMP=C:\Users\diego\AppData\Local\Temp




Periodic native trim disabled

---------------  S Y S T E M  ---------------

OS:
 Windows 10 , 64 bit Build 19041 (10.0.19041.5915)
OS uptime: 14 days 17:55 hours

CPU: total 16 (initial active 16) (8 cores per cpu, 2 threads per core) family 6 model 158 stepping 13 microcode 0xd6, cx8, cmov, fxsr, ht, mmx, 3dnowpref, sse, sse2, sse3, ssse3, sse4.1, sse4.2, popcnt, lzcnt, tsc, tscinvbit, avx, avx2, aes, erms, clmul, bmi1, bmi2, adx, fma, vzeroupper, clflush, clflushopt, rdtscp, f16c
Processor Information for the first 16 processors :
  Max Mhz: 3600, Current Mhz: 3600, Mhz Limit: 3600

Memory: 4k page, system-wide physical 32681M (13958M free)
TotalPageFile size 81833M (AvailPageFile size 40393M)
current process WorkingSet (physical memory assigned to process): 355M, peak: 363M
current process commit charge ("private bytes"): 407M, peak: 749M

vm_info: OpenJDK 64-Bit Server VM (21.0.9+10-LTS) for windows-amd64 JRE (21.0.9+10-LTS), built on 2025-10-13T22:04:36Z by "MicrosoftCorporation" with unknown MS VC++:1944

END.
